******************************************************************************
              TMS320C55x Linker PC v4.4.1                      
******************************************************************************
>> Linked Fri Mar 30 13:33:19 2018

OUTPUT FILE NAME:   <EQ.out>
ENTRY POINT SYMBOL: "_c_int00"  address: 00028ce7


MEMORY CONFIGURATION

         name            origin    length      used     unused   attr    fill
                        (bytes)   (bytes)    (bytes)   (bytes)
----------------------  --------  ---------  --------  --------  ----  --------
PAGE 0:
  MMR                   00000000   000000c0  00000000  000000c0  RWIX
  DARAM0                000000c0   0000ff40  00007110  00008e30  RWIX
  SARAM0                00010000   00010000  00000000  00010000  RWIX
  SARAM1                00020000   00020000  00008e15  000171eb  RWIX
  SARAM2                00040000   0000fe00  000003e0  0000fa20  RWIX
  VECS                  0004fe00   00000200  00000200  00000000  RWIX
  PDROM                 00ff8000   00008000  00000000  00008000  R IX

PAGE 2:
  IOPORT                00000000   00020000  00000000  00020000  RWI 


SECTION ALLOCATION MAP
(Addresses surrounded by []'s are displayed for convenience only!)

output                                                          attributes/
section   page  orgn(bytes) orgn(words) len(bytes) len(words)   input sections
--------  ----  ----------- ----------- ---------- ----------   --------------
.pinit       0   [ 00040000 ]  00020000          *   00000000   UNINITIALIZED

.stack       0   [ 000000c0 ]  00000060          *   00001000   UNINITIALIZED
                 [ 000000c0 ]  00000060          *   00001000   --HOLE--

.data        0   [ 000000c0 ]  00000060          *   00000000   UNINITIALIZED

.sysstack 
*            0   [ 000020c0 ]  00001060          *   00000800   UNINITIALIZED
                 [ 000020c0 ]  00001060          *   00000800   --HOLE--

.sysmem      0   [ 000030c0 ]  00001860          *   00001000   UNINITIALIZED
                 [ 000030c0 ]  00001860          *   00001000   --HOLE--

.bss.1       0   [ 000050c0 ]  00002860          *   00000cd1   UNINITIALIZED
                 [ 000050c0 ]  00002860          *   000005be   main.obj (.bss)
                 [ 00005c3c ]  00002e1e          *   00000002   aic3204.obj (.bss)
                 [ 00005c40 ]  00002e20          *   00000408   ezdsp5535_aic3204_dma.obj (.bss)
                 [ 00006450 ]  00003228          *   00000119   rts55x.lib : defs.obj (.bss)
                 [ 00006682 ]  00003341          *   000000d0              : trgdrv.obj (.bss)
                 [ 00006822 ]  00003411          *   00000001              : fopen.obj (.bss)
                 [ 00006824 ]  00003412          *   00000084   cslVC5505.lib : csl_intc.obj (.bss)
                 [ 0000692c ]  00003496          *   00000071   rts55x.lib : lowlev.obj (.bss)
                 [ 00006a0e ]  00003507          *   0000002a   cslVC5505.lib : csl_i2s.obj (.bss)

.bss.2       0   [ 00006a64 ]  00003532          *   0000003e   UNINITIALIZED
                 [ 00006a64 ]  00003532          *   00000012   cslVC5505.lib : csl_i2c.obj (.bss)
                 [ 00006a88 ]  00003544          *   00000008   ezdsp5535bsl.lib : ezdsp5535_sar.obj (.bss)
                 [ 00006a98 ]  0000354c          *   00000008   rts55x.lib : cos.obj (.bss)
                 [ 00006aa8 ]  00003554          *   00000008              : sin.obj (.bss)
                 [ 00006ab8 ]  0000355c          *   00000006              : memory.obj (.bss)
                 [ 00006ac4 ]  00003562          *   00000004   ezdsp5535bsl.lib : ezdsp5535_gpio.obj (.bss)
                 [ 00006acc ]  00003566          *   00000004   rts55x.lib : _lock.obj (.bss)
                 [ 00006ad4 ]  0000356a          *   00000004              : exit.obj (.bss)
                 [ 00006adc ]  0000356e          *   00000002   ezdsp5535bsl.lib : ezdsp5535_i2s.obj (.bss)

.const.1     0   [ 00006ae0 ]  00003570          *   0000031f   
                 [ 00006ae0 ]  00003570          *   00000174   aic3204_init.obj (.const:.string)
                 [ 00006dc8 ]  000036e4          *   00000101   rts55x.lib : ctype.obj (.const:__ctypes_)
                 [ 00006fca ]  000037e5          *   00000066   print_number.obj (.const:_consolas_8ptBitmaps)
                 [ 00007096 ]  0000384b          *   00000001   print_number.obj (.const)
                 [ 00007098 ]  0000384c          *   00000024   rts55x.lib : _printfi.obj (.const:.string)
                 [ 000070e0 ]  00003870          *   0000001f   main.obj (.const:.string)

.const.2     0   [ 00007120 ]  00003890          *   0000005a   
                 [ 00007120 ]  00003890          *   00000016   rts55x.lib : cos.obj (.const)
                 [ 0000714c ]  000038a6          *   00000014              : sin.obj (.const)
                 [ 00007174 ]  000038ba          *   0000000c              : _printfi.obj (.const)
                 [ 0000718c ]  000038c6          *   00000008              : divd.obj (.const:_initial_approx$1)
                 [ 0000719c ]  000038ce          *   00000008              : round.obj (.const)
                 [ 000071ac ]  000038d6          *   00000006              : modf.obj (.const)
                 [ 000071b8 ]  000038dc          *   00000004   processing.obj (.const)
                 [ 000071c0 ]  000038e0          *   00000004   rts55x.lib : trunc.obj (.const)
                 [ 000071c8 ]  000038e4          *   00000002              : fputs.obj (.const:.string)
                 [ 000071cc ]  000038e6          *   00000002   main.obj (.const)
                 [ 000071d0 ]  000038e8          *   00000002   rts55x.lib : fltlid.obj (.const)

.text        0     00020000  [ 00010000 ] 00008e15          *   
                   00020000  [ 00010000 ] 000015a4          *   rts55x.lib : _printfi.obj (.text)
                   000215a4  [ 00010ad2 ] 00000c3c          *   cslVC5505.lib : csl_i2c.obj (.text)
                   000221e0  [ 000110f0 ] 00000b18          *                 : csl_sar.obj (.text)
                   00022cf8  [ 0001167c ] 000009f3          *                 : csl_i2s.obj (.text)
                   000236eb  [ 00011b75+] 0000068d          *                 : csl_gpio.obj (.text)
                   00023d78  [ 00011ebc ] 000005b5          *   aic3204_init.obj (.text)
                   0002432d  [ 00012196+] 00000554          *   cslVC5505.lib : csl_intc.obj (.text)
                   00024881  [ 00012440+] 00000543          *   rts55x.lib : lowlev.obj (.text)
                   00024dc4  [ 000126e2 ] 00000528          *              : trgdrv.obj (.text)
                   000252ec  [ 00012976 ] 000004b5          *              : memory.obj (.text)
                   000257a1  [ 00012bd0+] 000003cc          *              : divd.obj (.text)
                   00025b6d  [ 00012db6+] 000003b6          *   main.obj (.text)
                   00025f23  [ 00012f91+] 0000031b          *   ezdsp5535_aic3204_dma.obj (.text)
                   0002623e  [ 0001311f ] 000002e3          *   print_number.obj (.text)
                   00026521  [ 00013290+] 0000027f          *   rts55x.lib : fopen.obj (.text)
                   000267a0  [ 000133d0 ] 0000025e          *              : llmpy.obj (.text)
                   000269fe  [ 000134ff ] 0000025a          *              : addd.obj (.text)
                   00026c58  [ 0001362c ] 00000252          *   processing.obj (.text)
                   00026eaa  [ 00013755 ] 00000218          *   rts55x.lib : cos.obj (.text)
                   000270c2  [ 00013861 ] 000001f2          *              : sin.obj (.text)
                   000272b4  [ 0001395a ] 000001ea          *              : cmpd.obj (.text)
                   0002749e  [ 00013a4f ] 00000192          *   ezdsp5535bsl.lib : ezdsp5535_lcd.obj (.text)
                   00027630  [ 00013b18 ] 0000017a          *                    : ezdsp5535_sar.obj (.text)
                   000277aa  [ 00013bd5 ] 00000163          *   rts55x.lib : fputs.obj (.text)
                   0002790d  [ 00013c86+] 0000014c          *              : mpyd.obj (.text)
                   00027a59  [ 00013d2c+] 00000120          *   iir.obj (.text)
                   00027b79  [ 00013dbc+] 00000107          *   ezdsp5535bsl.lib : ezdsp5535_i2s.obj (.text)
                   00027c80  [ 00013e40 ] 000000e6          *   rts55x.lib : setvbuf.obj (.text)
                   00027d66  [ 00013eb3 ] 000000dd          *              : _io_perm.obj (.text)
                   00027e43  [ 00013f21+] 000000cc          *   ezdsp5535_aic3204_dma.obj (.text:retain)
                   00027f0f  [ 00013f87+] 000000c3          *   aic3204.obj (.text)
                   00027fd2  [ 00013fe9 ] 000000c2          *   rts55x.lib : fflush.obj (.text)
                   00028094  [ 0001404a ] 000000bf          *              : modf.obj (.text)
                   00028153  [ 000140a9+] 000000ba          *              : trgmsg.obj (.text:CIO_breakpoint)
                   0002820d  [ 00014106+] 000000a6          *              : fputc.obj (.text)
                   000282b3  [ 00014159+] 000000a1          *              : divul.obj (.text)
                   00028354  [ 000141aa ] 0000008e          *   ezdsp5535bsl.lib : ezdsp5535_i2c.obj (.text)
                   000283e2  [ 000141f1 ] 0000008c          *   cslVC5505.lib : csl_irqplug.obj (.text)
                   0002846e  [ 00014237 ] 00000087          *   ezdsp5535bsl.lib : ezdsp5535_gpio.obj (.text)
                   000284f5  [ 0001427a+] 0000007d          *   rts55x.lib : ltoa.obj (.text)
                   00028572  [ 000142b9 ] 0000007b          *              : fclose.obj (.text)
                   000285ed  [ 000142f6+] 00000076          *              : frcmpyd.obj (.text)
                   00028663  [ 00014331+] 00000073          *              : frcmpyd_div.obj (.text)
                   000286d6  [ 0001436b ] 00000072          *              : remul.obj (.text)
                   00028748  [ 000143a4 ] 0000006f          *              : fixdli.obj (.text)
                   000287b7  [ 000143db+] 0000006d          *   cslVC5505.lib : vectors.obj (.text)
                   00028824  [ 00014412 ] 0000006d          *   rts55x.lib : trgmsg.obj (.text)
                   00028891  [ 00014448+] 0000006b          *              : fseek.obj (.text)
                   000288fc  [ 0001447e ] 00000067          *              : fltlid.obj (.text)
                   00028963  [ 000144b1+] 0000005f          *              : round.obj (.text)
                   000289c2  [ 000144e1 ] 0000005c          *              : atoi.obj (.text)
                   00028a1e  [ 0001450f ] 00000054          *   ezdsp5535bsl.lib : ezdsp5535.obj (.text)
                   00028a72  [ 00014539 ] 00000050          *   rts55x.lib : printf.obj (.text)
                   00028ac2  [ 00014561 ] 0000004d          *              : autoinit.obj (.text)
                   00028b0f  [ 00014587+] 0000004b          *              : args_main.obj (.text)
                   00028b5a  [ 000145ad ] 0000004b          *              : remli.obj (.text)
                   00028ba5  [ 000145d2+] 00000048          *              : divli.obj (.text)
                   00028bed  [ 000145f6+] 00000041          *              : trunc.obj (.text)
                   00028c2e  [ 00014617 ] 0000003f          *              : memcpy.obj (.text)
                   00028c6d  [ 00014636+] 0000003e          *              : exit.obj (.text)
                   00028cab  [ 00014655+] 0000003c          *              : idiv.obj (.text)
                   00028ce7  [ 00014673+] 00000034          *              : boot.obj (.text)
                   00028d1b  [ 0001468d+] 0000002a          *              : fixdi.obj (.text)
                   00028d45  [ 000146a2+] 0000002a          *              : udiv.obj (.text)
                   00028d6f  [ 000146b7+] 00000023          *              : memccpy.obj (.text)
                   00028d92  [ 000146c9 ] 0000001a          *              : isinf.obj (.text)
                   00028dac  [ 000146d6 ] 00000014          *              : subd.obj (.text)
                   00028dc0  [ 000146e0 ] 00000013          *              : lmpy.obj (.text)
                   00028dd3  [ 000146e9+] 00000012          *              : _lock.obj (.text)
                   00028de5  [ 000146f2+] 00000010          *              : negd.obj (.text)
                   00028df5  [ 000146fa+] 0000000c          *              : fltid.obj (.text)
                   00028e01  [ 00014700+] 0000000a          *              : remove.obj (.text)
                   00028e0b  [ 00014705+] 00000007          *              : exit.obj (.text:CIO_breakpoint)
                   00028e12  [ 00014709 ] 00000002          *              : vectors.obj (.text)
                   00028e14  [ 0001470a ] 00000001          *   --HOLE-- [fill = 20]

.cio         0   [ 00040000 ]  00020000          *   00000120   UNINITIALIZED
                 [ 00040000 ]  00020000          *   00000120   rts55x.lib : trgmsg.obj (.cio)

.cinit       0   [ 00040240 ]  00020120          *   000000bc   
                 [ 00040240 ]  00020120          *   0000002d   rts55x.lib : lowlev.obj (.cinit)
                 [ 0004029a ]  0002014d          *   0000002a              : defs.obj (.cinit)
                 [ 000402ee ]  00020177          *   0000001e   main.obj (.cinit)
                 [ 0004032a ]  00020195          *   0000000c   ezdsp5535bsl.lib : ezdsp5535_sar.obj (.cinit)
                 [ 00040342 ]  000201a1          *   0000000b   rts55x.lib : cos.obj (.cinit)
                 [ 00040358 ]  000201ac          *   0000000b              : sin.obj (.cinit)
                 [ 0004036e ]  000201b7          *   0000000a              : _lock.obj (.cinit)
                 [ 00040382 ]  000201c1          *   0000000a              : exit.obj (.cinit)
                 [ 00040396 ]  000201cb          *   00000008   cslVC5505.lib : csl_i2s.obj (.cinit)
                 [ 000403a6 ]  000201d3          *   00000004   rts55x.lib : fopen.obj (.cinit)
                 [ 000403ae ]  000201d7          *   00000004              : memory.obj (.cinit)
                 [ 000403b6 ]  000201db          *   00000001   --HOLE-- [fill = 0]

.switch      0   [ 000403b8 ]  000201dc          *   00000014   
                 [ 000403b8 ]  000201dc          *   00000014   print_number.obj (.switch:_printChar)

vectors      0     0004fe00  [ 00027f00 ] 00000200          *   
                   0004fe00  [ 00027f00 ] 00000100          *   cslVC5505.lib : vectors.obj (vectors)
                   0004ff00  [ 00027f80 ] 00000100          *   rts55x.lib : vectors.obj (vectors)


GLOBAL SYMBOLS: SORTED ALPHABETICALLY BY Name 

abs. value/
byte addr   word addr   name
---------   ---------   ----
00000002                $TI_capability$C5500$CallingConvention
00000002                $TI_capability$C5500$MemoryModel
00000001                $TI_capability_requires_rev3
ffffffff                .bss
ffffffff                .data
ffffffff                .text
00028e0c                C$$EXIT
00028208                C$$IO$$
00028cab                I$$DIV
00028dc0                I$$LMPY
00028cca                I$$MOD
00028d45                I$$UDIV
00028d5a                I$$UMOD
0004fe00                RST
00027f0f                _AIC3204_rget
00027f5a                _AIC3204_rset
            00002e28    _DMA_InputL
            00002f28    _DMA_InputR
            00003028    _DMA_OutputL
            00003128    _DMA_OutputR
            00002d9e    _Dirac
000284d7                _EZDSP5535_GPIO_getInput
0002846e                _EZDSP5535_GPIO_init
00028499                _EZDSP5535_GPIO_setDirection
000284bd                _EZDSP5535_GPIO_setOutput
00028354                _EZDSP5535_I2C_init
000283ba                _EZDSP5535_I2C_read
00028389                _EZDSP5535_I2C_reset
00028394                _EZDSP5535_I2C_write
00027c6e                _EZDSP5535_I2S_close
00027b79                _EZDSP5535_I2S_init
00027bd2                _EZDSP5535_I2S_readLeft
00027c31                _EZDSP5535_I2S_readRight
00027c04                _EZDSP5535_I2S_writeLeft
00027c52                _EZDSP5535_I2S_writeRight
00027511                _EZDSP5535_OSD9616_init
000274c6                _EZDSP5535_OSD9616_multiSend
000275f3                _EZDSP5535_OSD9616_printLetter
0002749e                _EZDSP5535_OSD9616_send
000276f6                _EZDSP5535_SAR_getKey
00027630                _EZDSP5535_SAR_init
00028a64                _EZDSP5535_init
00028a1e                _EZDSP5535_wait
00028a52                _EZDSP5535_waitusec
00023bd6                _GPIO_clearInt
0002372f                _GPIO_close
00023753                _GPIO_config
00023986                _GPIO_configBit
00023ace                _GPIO_disableInt
00023b4c                _GPIO_enableInt
000237d8                _GPIO_getConfig
000236eb                _GPIO_open
00023860                _GPIO_read
00023ce9                _GPIO_reset
00023c62                _GPIO_statusBit
000238e3                _GPIO_write
            00003562    _GpioObj
0002528e                _HOSTclock
00025223                _HOSTclose
0002516e                _HOSTlseek
000250cf                _HOSTopen
00025042                _HOSTread
00024f94                _HOSTrename
00024f36                _HOSTtime
00024ecc                _HOSTunlink
00024e3f                _HOSTwrite
0002164d                _I2C_config
00022018                _I2C_eventDisable
00021ee4                _I2C_eventEnable
000217b2                _I2C_getConfig
000221c4                _I2C_getEventId
000215a4                _I2C_init
00021cc6                _I2C_read
00022137                _I2C_setCallback
00021888                _I2C_setup
00021a82                _I2C_write
0002312d                _I2S_close
00022cf8                _I2S_open
000231df                _I2S_read
000235ef                _I2S_reset
00022e3f                _I2S_setup
000236a0                _I2S_transEnable
00023499                _I2S_write
000243c7                _IRQ_clear
00024431                _IRQ_clearAll
00024441                _IRQ_config
00024567                _IRQ_disable
000245e5                _IRQ_disableAll
000245f3                _IRQ_enable
000246ed                _IRQ_getArg
000244d4                _IRQ_getConfig
0002483b                _IRQ_globalDisable
00024854                _IRQ_globalEnable
0002486d                _IRQ_globalRestore
0002432d                _IRQ_init
00024766                _IRQ_map
000283e2                _IRQ_plug
0002467d                _IRQ_restore
00024733                _IRQ_setArg
00024798                _IRQ_setVecs
000247c9                _IRQ_test
0004ff00                _Reset
00022763                _SAR_A2DMeasParamSet
00022bdd                _SAR_GPODirSet
000222da                _SAR_chanClose
0002235e                _SAR_chanConfig
0002265a                _SAR_chanCycSet
0002225d                _SAR_chanInit
00022278                _SAR_chanOpen
00022446                _SAR_chanSetup
0002223d                _SAR_deInit
000223d4                _SAR_getConfig
00022cb9                _SAR_getStatus
000221e0                _SAR_init
00022722                _SAR_readData
000226a9                _SAR_startConversion
000226db                _SAR_stopConversion
            00003548    _SarHandle
            00003544    _SarObj
0004fe00                _VECSTART
            00020000    __CIOBUF_
000242d4                __I2S_init
            00001060    __STACK_END
00002000                __STACK_SIZE
00002000                __SYSMEM_SIZE
00001000                __SYSSTACK_SIZE
00000001                __TI_args_main
ffffffff                ___binit__
ffffffff                ___bss__
ffffffff                ___c_args__
            00020120    ___cinit__
ffffffff                ___data__
ffffffff                ___edata__
ffffffff                ___end__
ffffffff                ___etext__
00028d92                ___isinf
ffffffff                ___pinit__
ffffffff                ___text__
000269fe                __addd
00028b0f                __args_main
00026642                __cleanup
            0000356a    __cleanup_ptr
00027446                __cmpd
            000036e4    __ctypes_
000257a1                __divd
00028cab                __divi
00028ba5                __divli
000269c9                __divlli
00028d45                __divu
000282b3                __divul
000268d5                __divull
00027fd2                __doflush
            0000356c    __dtors_ptr
00027412                __eqld
00028d1b                __fixdi
00028748                __fixdli
00028df5                __fltid
000288fc                __fltlid
000285ed                __frcmpyd
00028663                __frcmpyd_div
            00003340    __ft_end
            00003228    __ftable
000273c8                __geqd
0002737d                __gtrd
00027330                __leqd
            00003566    __lock
000272e8                __lssd
0002790d                __mpyd
00028dc0                __mpyli
0002681d                __mpylli
00028de5                __negd
000272b4                __neqd
00028de3                __nop
00028963                __nround
00021362                __printfi
00027de6                __rd_ok
00028ddb                __register_lock
00028dd3                __register_unlock
00028cca                __remi
00028b5a                __remli
000267ee                __remlli
00028d5a                __remu
000286d6                __remul
000267a0                __remull
            00000060    __stack
00028dac                __subd
            00001860    __sys_memory
            00001060    __sysstack
            000032a0    __tmpnams
00028bed                __trunc
            00003568    __unlock
00027d66                __wrt_ok
00028e0b                _abort
00024cd4                _add_device
00027fa7                _aic3204_codec_read
00027fbe                _aic3204_codec_write
00027f96                _aic3204_disable
00025f23                _aic3204_dma_init
00027f84                _aic3204_hardware_init
00023d78                _aic3204_init
000260ae                _aic3204_read_block
00026163                _aic3204_write_block
            00002d60    _alpha
000289c2                _atoi
00028ac2                _auto_init
            00002d62    _beta
00028ce7                _c_int00
00026ce4                _calculatePeekCoeff
00026c84                _calculateShelvingCoeff
0002577b                _calloc
00025773                _chkheap
000262dc                _clearLCD
00024c61                _close
            000037e5    _consolas_8ptBitmaps
00026eaa                _cos
            00002e1e    _counter1
            00002e1f    _counter2
00028c6d                _exit
            00002d92    _f
00028572                _fclose
0002803b                _fflush
00024c58                _find_registered_device
00027a59                _first_order_IIR
00026765                _fopen
0002820d                _fputc
000277aa                _fputs
000252ec                _free
0002571d                _free_memory
0002669c                _freopen
            0000352f    _fsError
00028891                _fseek
            00003532    _gI2cObj
00025b6d                _getKey
00024dc4                _getenv
            00003564    _hGpio
            0000356e    _hI2s
            00003542    _i2cHandle
0002623e                _initPrintNumber
            00002d8c    _k
            0000354a    _keyCnt1
            0000354b    _keyCnt2
            00002d90    _ki
00024bf2                _lseek
000284f5                _ltoa
00025be6                _main
0002541d                _malloc
000256c3                _max_free
00028d6f                _memccpy
00028c2e                _memcpy
000253b8                _minit
00028094                _modf
00024b33                _open
            00003530    _ouError
            00002960    _output1
            00002b60    _output1_Dirac
            000029e0    _output2
            00002be0    _output2_Dirac
            00002a60    _output3
            00002c60    _output3_Dirac
            00002ae0    _output4
            00002ce0    _output4_Dirac
            00003547    _preKey
000263aa                _printChar
00025b92                _printNewValue
00028a72                _printf
0002820d                _putc
000282a4                _putchar
000278df                _puts
00024a85                _read
00028824                _readmsg
00025512                _realloc
00028e01                _remove
00024a4f                _remove_device
000249f6                _rename
            00002860    _sampleBufferL
            000028e0    _sampleBufferR
00027ac0                _second_order_IIR
00026388                _setWritePointerToFirstChar
00023f69                _set_sampling_frequency_and_gain
00027c80                _setvbuf
            00002d68    _shCoeffH
            00002d64    _shCoeffL
            00002d72    _shPeekCoeffPH
            00002d6c    _shPeekCoeffPL
00026d75                _shelvingHP
00026de0                _shelvingLP
00026e45                _shelvingPeek
            0000384b    _sign_width
000270c2                _sin
000249c3                _unlink
00024881                _write
00028153                _writemsg
            00002d7c    _xHistoryH
            00002d78    _xHistoryL
            00002d86    _xHistoryPH
            00002d80    _xHistoryPL
            00002d7e    _yHistoryH
            00002d7a    _yHistoryL
            00002d89    _yHistoryPH
            00002d83    _yHistoryPL
ffffffff                binit
            00020120    cinit
ffffffff                edata
ffffffff                end
ffffffff                etext
ffffffff                pinit


GLOBAL SYMBOLS: SORTED BY Symbol Address 

abs. value/
byte addr   word addr   name
---------   ---------   ----
00000001                $TI_capability_requires_rev3
00000001                __TI_args_main
00000002                $TI_capability$C5500$CallingConvention
00000002                $TI_capability$C5500$MemoryModel
            00000060    __stack
00001000                __SYSSTACK_SIZE
00002000                __STACK_SIZE
00002000                __SYSMEM_SIZE
            00001060    __STACK_END
            00001060    __sysstack
            00001860    __sys_memory
            00002860    _sampleBufferL
            000028e0    _sampleBufferR
            00002960    _output1
            000029e0    _output2
            00002a60    _output3
            00002ae0    _output4
            00002b60    _output1_Dirac
            00002be0    _output2_Dirac
            00002c60    _output3_Dirac
            00002ce0    _output4_Dirac
            00002d60    _alpha
            00002d62    _beta
            00002d64    _shCoeffL
            00002d68    _shCoeffH
            00002d6c    _shPeekCoeffPL
            00002d72    _shPeekCoeffPH
            00002d78    _xHistoryL
            00002d7a    _yHistoryL
            00002d7c    _xHistoryH
            00002d7e    _yHistoryH
            00002d80    _xHistoryPL
            00002d83    _yHistoryPL
            00002d86    _xHistoryPH
            00002d89    _yHistoryPH
            00002d8c    _k
            00002d90    _ki
            00002d92    _f
            00002d9e    _Dirac
            00002e1e    _counter1
            00002e1f    _counter2
            00002e28    _DMA_InputL
            00002f28    _DMA_InputR
            00003028    _DMA_OutputL
            00003128    _DMA_OutputR
            00003228    __ftable
            000032a0    __tmpnams
            00003340    __ft_end
            0000352f    _fsError
            00003530    _ouError
            00003532    _gI2cObj
            00003542    _i2cHandle
            00003544    _SarObj
            00003547    _preKey
            00003548    _SarHandle
            0000354a    _keyCnt1
            0000354b    _keyCnt2
            00003562    _GpioObj
            00003564    _hGpio
            00003566    __lock
            00003568    __unlock
            0000356a    __cleanup_ptr
            0000356c    __dtors_ptr
            0000356e    _hI2s
            000036e4    __ctypes_
            000037e5    _consolas_8ptBitmaps
            0000384b    _sign_width
00021362                __printfi
000215a4                _I2C_init
0002164d                _I2C_config
000217b2                _I2C_getConfig
00021888                _I2C_setup
00021a82                _I2C_write
00021cc6                _I2C_read
00021ee4                _I2C_eventEnable
00022018                _I2C_eventDisable
00022137                _I2C_setCallback
000221c4                _I2C_getEventId
000221e0                _SAR_init
0002223d                _SAR_deInit
0002225d                _SAR_chanInit
00022278                _SAR_chanOpen
000222da                _SAR_chanClose
0002235e                _SAR_chanConfig
000223d4                _SAR_getConfig
00022446                _SAR_chanSetup
0002265a                _SAR_chanCycSet
000226a9                _SAR_startConversion
000226db                _SAR_stopConversion
00022722                _SAR_readData
00022763                _SAR_A2DMeasParamSet
00022bdd                _SAR_GPODirSet
00022cb9                _SAR_getStatus
00022cf8                _I2S_open
00022e3f                _I2S_setup
0002312d                _I2S_close
000231df                _I2S_read
00023499                _I2S_write
000235ef                _I2S_reset
000236a0                _I2S_transEnable
000236eb                _GPIO_open
0002372f                _GPIO_close
00023753                _GPIO_config
000237d8                _GPIO_getConfig
00023860                _GPIO_read
000238e3                _GPIO_write
00023986                _GPIO_configBit
00023ace                _GPIO_disableInt
00023b4c                _GPIO_enableInt
00023bd6                _GPIO_clearInt
00023c62                _GPIO_statusBit
00023ce9                _GPIO_reset
00023d78                _aic3204_init
00023f69                _set_sampling_frequency_and_gain
000242d4                __I2S_init
0002432d                _IRQ_init
000243c7                _IRQ_clear
00024431                _IRQ_clearAll
00024441                _IRQ_config
000244d4                _IRQ_getConfig
00024567                _IRQ_disable
000245e5                _IRQ_disableAll
000245f3                _IRQ_enable
0002467d                _IRQ_restore
000246ed                _IRQ_getArg
00024733                _IRQ_setArg
00024766                _IRQ_map
00024798                _IRQ_setVecs
000247c9                _IRQ_test
0002483b                _IRQ_globalDisable
00024854                _IRQ_globalEnable
0002486d                _IRQ_globalRestore
00024881                _write
000249c3                _unlink
000249f6                _rename
00024a4f                _remove_device
00024a85                _read
00024b33                _open
00024bf2                _lseek
00024c58                _find_registered_device
00024c61                _close
00024cd4                _add_device
00024dc4                _getenv
00024e3f                _HOSTwrite
00024ecc                _HOSTunlink
00024f36                _HOSTtime
00024f94                _HOSTrename
00025042                _HOSTread
000250cf                _HOSTopen
0002516e                _HOSTlseek
00025223                _HOSTclose
0002528e                _HOSTclock
000252ec                _free
000253b8                _minit
0002541d                _malloc
00025512                _realloc
000256c3                _max_free
0002571d                _free_memory
00025773                _chkheap
0002577b                _calloc
000257a1                __divd
00025b6d                _getKey
00025b92                _printNewValue
00025be6                _main
00025f23                _aic3204_dma_init
000260ae                _aic3204_read_block
00026163                _aic3204_write_block
0002623e                _initPrintNumber
000262dc                _clearLCD
00026388                _setWritePointerToFirstChar
000263aa                _printChar
00026642                __cleanup
0002669c                _freopen
00026765                _fopen
000267a0                __remull
000267ee                __remlli
0002681d                __mpylli
000268d5                __divull
000269c9                __divlli
000269fe                __addd
00026c84                _calculateShelvingCoeff
00026ce4                _calculatePeekCoeff
00026d75                _shelvingHP
00026de0                _shelvingLP
00026e45                _shelvingPeek
00026eaa                _cos
000270c2                _sin
000272b4                __neqd
000272e8                __lssd
00027330                __leqd
0002737d                __gtrd
000273c8                __geqd
00027412                __eqld
00027446                __cmpd
0002749e                _EZDSP5535_OSD9616_send
000274c6                _EZDSP5535_OSD9616_multiSend
00027511                _EZDSP5535_OSD9616_init
000275f3                _EZDSP5535_OSD9616_printLetter
00027630                _EZDSP5535_SAR_init
000276f6                _EZDSP5535_SAR_getKey
000277aa                _fputs
000278df                _puts
0002790d                __mpyd
00027a59                _first_order_IIR
00027ac0                _second_order_IIR
00027b79                _EZDSP5535_I2S_init
00027bd2                _EZDSP5535_I2S_readLeft
00027c04                _EZDSP5535_I2S_writeLeft
00027c31                _EZDSP5535_I2S_readRight
00027c52                _EZDSP5535_I2S_writeRight
00027c6e                _EZDSP5535_I2S_close
00027c80                _setvbuf
00027d66                __wrt_ok
00027de6                __rd_ok
00027f0f                _AIC3204_rget
00027f5a                _AIC3204_rset
00027f84                _aic3204_hardware_init
00027f96                _aic3204_disable
00027fa7                _aic3204_codec_read
00027fbe                _aic3204_codec_write
00027fd2                __doflush
0002803b                _fflush
00028094                _modf
00028153                _writemsg
00028208                C$$IO$$
0002820d                _fputc
0002820d                _putc
000282a4                _putchar
000282b3                __divul
00028354                _EZDSP5535_I2C_init
00028389                _EZDSP5535_I2C_reset
00028394                _EZDSP5535_I2C_write
000283ba                _EZDSP5535_I2C_read
000283e2                _IRQ_plug
0002846e                _EZDSP5535_GPIO_init
00028499                _EZDSP5535_GPIO_setDirection
000284bd                _EZDSP5535_GPIO_setOutput
000284d7                _EZDSP5535_GPIO_getInput
000284f5                _ltoa
00028572                _fclose
000285ed                __frcmpyd
00028663                __frcmpyd_div
000286d6                __remul
00028748                __fixdli
00028824                _readmsg
00028891                _fseek
000288fc                __fltlid
00028963                __nround
000289c2                _atoi
00028a1e                _EZDSP5535_wait
00028a52                _EZDSP5535_waitusec
00028a64                _EZDSP5535_init
00028a72                _printf
00028ac2                _auto_init
00028b0f                __args_main
00028b5a                __remli
00028ba5                __divli
00028bed                __trunc
00028c2e                _memcpy
00028c6d                _exit
00028cab                I$$DIV
00028cab                __divi
00028cca                I$$MOD
00028cca                __remi
00028ce7                _c_int00
00028d1b                __fixdi
00028d45                I$$UDIV
00028d45                __divu
00028d5a                I$$UMOD
00028d5a                __remu
00028d6f                _memccpy
00028d92                ___isinf
00028dac                __subd
00028dc0                I$$LMPY
00028dc0                __mpyli
00028dd3                __register_unlock
00028ddb                __register_lock
00028de3                __nop
00028de5                __negd
00028df5                __fltid
00028e01                _remove
00028e0b                _abort
00028e0c                C$$EXIT
            00020000    __CIOBUF_
            00020120    ___cinit__
            00020120    cinit
0004fe00                RST
0004fe00                _VECSTART
0004ff00                _Reset
ffffffff                .bss
ffffffff                .data
ffffffff                .text
ffffffff                ___binit__
ffffffff                ___bss__
ffffffff                ___c_args__
ffffffff                ___data__
ffffffff                ___edata__
ffffffff                ___end__
ffffffff                ___etext__
ffffffff                ___pinit__
ffffffff                ___text__
ffffffff                binit
ffffffff                edata
ffffffff                end
ffffffff                etext
ffffffff                pinit

[306 symbols]
