<?xml version="1.0"?>
<link_info>
   <banner>TMS320C55x Linker PC v4.4.1</banner>
   <copyright>Copyright (c) 1996-2012 Texas Instruments Incorporated</copyright>
   <link_time>0x5abe207f</link_time>
   <output_file>EQ.out</output_file>
   <entry_point>
      <name>_c_int00</name>
      <address>0x28ce7</address>
   </entry_point>
   <input_file_list>
      <input_file id="fl-2">
         <path>.\</path>
         <kind>object</kind>
         <file>aic3204.obj</file>
         <name>aic3204.obj</name>
      </input_file>
      <input_file id="fl-3">
         <path>.\</path>
         <kind>object</kind>
         <file>aic3204_init.obj</file>
         <name>aic3204_init.obj</name>
      </input_file>
      <input_file id="fl-4">
         <path>.\</path>
         <kind>object</kind>
         <file>ezdsp5535_aic3204_dma.obj</file>
         <name>ezdsp5535_aic3204_dma.obj</name>
      </input_file>
      <input_file id="fl-5">
         <path>.\</path>
         <kind>object</kind>
         <file>iir.obj</file>
         <name>iir.obj</name>
      </input_file>
      <input_file id="fl-6">
         <path>.\</path>
         <kind>object</kind>
         <file>main.obj</file>
         <name>main.obj</name>
      </input_file>
      <input_file id="fl-7">
         <path>.\</path>
         <kind>object</kind>
         <file>print_number.obj</file>
         <name>print_number.obj</name>
      </input_file>
      <input_file id="fl-8">
         <path>.\</path>
         <kind>object</kind>
         <file>processing.obj</file>
         <name>processing.obj</name>
      </input_file>
      <input_file id="fl-11">
         <path>..\c55xx_csl\lib\</path>
         <kind>archive</kind>
         <file>cslVC5505.lib</file>
         <name>vectors.obj</name>
      </input_file>
      <input_file id="fl-12">
         <path>..\c55xx_csl\lib\</path>
         <kind>archive</kind>
         <file>cslVC5505.lib</file>
         <name>csl_irqplug.obj</name>
      </input_file>
      <input_file id="fl-13">
         <path>..\c55xx_csl\lib\</path>
         <kind>archive</kind>
         <file>cslVC5505.lib</file>
         <name>csl_intc.obj</name>
      </input_file>
      <input_file id="fl-14">
         <path>..\c55xx_csl\lib\</path>
         <kind>archive</kind>
         <file>cslVC5505.lib</file>
         <name>csl_i2s.obj</name>
      </input_file>
      <input_file id="fl-15">
         <path>..\lib\</path>
         <kind>archive</kind>
         <file>ezdsp5535bsl.lib</file>
         <name>ezdsp5535_sar.obj</name>
      </input_file>
      <input_file id="fl-16">
         <path>..\lib\</path>
         <kind>archive</kind>
         <file>ezdsp5535bsl.lib</file>
         <name>ezdsp5535_lcd.obj</name>
      </input_file>
      <input_file id="fl-17">
         <path>..\lib\</path>
         <kind>archive</kind>
         <file>ezdsp5535bsl.lib</file>
         <name>ezdsp5535_i2s.obj</name>
      </input_file>
      <input_file id="fl-18">
         <path>..\lib\</path>
         <kind>archive</kind>
         <file>ezdsp5535bsl.lib</file>
         <name>ezdsp5535_i2c.obj</name>
      </input_file>
      <input_file id="fl-19">
         <path>..\lib\</path>
         <kind>archive</kind>
         <file>ezdsp5535bsl.lib</file>
         <name>ezdsp5535_gpio.obj</name>
      </input_file>
      <input_file id="fl-1a">
         <path>..\lib\</path>
         <kind>archive</kind>
         <file>ezdsp5535bsl.lib</file>
         <name>ezdsp5535.obj</name>
      </input_file>
      <input_file id="fl-1b">
         <path>C:\ti\ccsv6\tools\compiler\c5500_4.4.1\lib\</path>
         <kind>archive</kind>
         <file>rts55x.lib</file>
         <name>boot.obj</name>
      </input_file>
      <input_file id="fl-1c">
         <path>C:\ti\ccsv6\tools\compiler\c5500_4.4.1\lib\</path>
         <kind>archive</kind>
         <file>rts55x.lib</file>
         <name>cos.obj</name>
      </input_file>
      <input_file id="fl-1d">
         <path>C:\ti\ccsv6\tools\compiler\c5500_4.4.1\lib\</path>
         <kind>archive</kind>
         <file>rts55x.lib</file>
         <name>divd.obj</name>
      </input_file>
      <input_file id="fl-1e">
         <path>C:\ti\ccsv6\tools\compiler\c5500_4.4.1\lib\</path>
         <kind>archive</kind>
         <file>rts55x.lib</file>
         <name>exit.obj</name>
      </input_file>
      <input_file id="fl-1f">
         <path>C:\ti\ccsv6\tools\compiler\c5500_4.4.1\lib\</path>
         <kind>archive</kind>
         <file>rts55x.lib</file>
         <name>fixdi.obj</name>
      </input_file>
      <input_file id="fl-20">
         <path>C:\ti\ccsv6\tools\compiler\c5500_4.4.1\lib\</path>
         <kind>archive</kind>
         <file>rts55x.lib</file>
         <name>fixdli.obj</name>
      </input_file>
      <input_file id="fl-21">
         <path>C:\ti\ccsv6\tools\compiler\c5500_4.4.1\lib\</path>
         <kind>archive</kind>
         <file>rts55x.lib</file>
         <name>fltid.obj</name>
      </input_file>
      <input_file id="fl-22">
         <path>C:\ti\ccsv6\tools\compiler\c5500_4.4.1\lib\</path>
         <kind>archive</kind>
         <file>rts55x.lib</file>
         <name>fltlid.obj</name>
      </input_file>
      <input_file id="fl-23">
         <path>C:\ti\ccsv6\tools\compiler\c5500_4.4.1\lib\</path>
         <kind>archive</kind>
         <file>rts55x.lib</file>
         <name>frcmpyd_div.obj</name>
      </input_file>
      <input_file id="fl-24">
         <path>C:\ti\ccsv6\tools\compiler\c5500_4.4.1\lib\</path>
         <kind>archive</kind>
         <file>rts55x.lib</file>
         <name>idiv.obj</name>
      </input_file>
      <input_file id="fl-25">
         <path>C:\ti\ccsv6\tools\compiler\c5500_4.4.1\lib\</path>
         <kind>archive</kind>
         <file>rts55x.lib</file>
         <name>lmpy.obj</name>
      </input_file>
      <input_file id="fl-26">
         <path>C:\ti\ccsv6\tools\compiler\c5500_4.4.1\lib\</path>
         <kind>archive</kind>
         <file>rts55x.lib</file>
         <name>modf.obj</name>
      </input_file>
      <input_file id="fl-27">
         <path>C:\ti\ccsv6\tools\compiler\c5500_4.4.1\lib\</path>
         <kind>archive</kind>
         <file>rts55x.lib</file>
         <name>mpyd.obj</name>
      </input_file>
      <input_file id="fl-28">
         <path>C:\ti\ccsv6\tools\compiler\c5500_4.4.1\lib\</path>
         <kind>archive</kind>
         <file>rts55x.lib</file>
         <name>negd.obj</name>
      </input_file>
      <input_file id="fl-29">
         <path>C:\ti\ccsv6\tools\compiler\c5500_4.4.1\lib\</path>
         <kind>archive</kind>
         <file>rts55x.lib</file>
         <name>printf.obj</name>
      </input_file>
      <input_file id="fl-2a">
         <path>C:\ti\ccsv6\tools\compiler\c5500_4.4.1\lib\</path>
         <kind>archive</kind>
         <file>rts55x.lib</file>
         <name>round.obj</name>
      </input_file>
      <input_file id="fl-2b">
         <path>C:\ti\ccsv6\tools\compiler\c5500_4.4.1\lib\</path>
         <kind>archive</kind>
         <file>rts55x.lib</file>
         <name>sin.obj</name>
      </input_file>
      <input_file id="fl-2c">
         <path>C:\ti\ccsv6\tools\compiler\c5500_4.4.1\lib\</path>
         <kind>archive</kind>
         <file>rts55x.lib</file>
         <name>subd.obj</name>
      </input_file>
      <input_file id="fl-2d">
         <path>C:\ti\ccsv6\tools\compiler\c5500_4.4.1\lib\</path>
         <kind>archive</kind>
         <file>rts55x.lib</file>
         <name>trunc.obj</name>
      </input_file>
      <input_file id="fl-2e">
         <path>C:\ti\ccsv6\tools\compiler\c5500_4.4.1\lib\</path>
         <kind>archive</kind>
         <file>rts55x.lib</file>
         <name>vectors.obj</name>
      </input_file>
      <input_file id="fl-2f">
         <path>C:\ti\ccsv6\tools\compiler\c5500_4.4.1\lib\</path>
         <kind>archive</kind>
         <file>rts55x.lib</file>
         <name>_lock.obj</name>
      </input_file>
      <input_file id="fl-30">
         <path>C:\ti\ccsv6\tools\compiler\c5500_4.4.1\lib\</path>
         <kind>archive</kind>
         <file>rts55x.lib</file>
         <name>_printfi.obj</name>
      </input_file>
      <input_file id="fl-31">
         <path>C:\ti\ccsv6\tools\compiler\c5500_4.4.1\lib\</path>
         <kind>archive</kind>
         <file>rts55x.lib</file>
         <name>addd.obj</name>
      </input_file>
      <input_file id="fl-32">
         <path>C:\ti\ccsv6\tools\compiler\c5500_4.4.1\lib\</path>
         <kind>archive</kind>
         <file>rts55x.lib</file>
         <name>args_main.obj</name>
      </input_file>
      <input_file id="fl-33">
         <path>C:\ti\ccsv6\tools\compiler\c5500_4.4.1\lib\</path>
         <kind>archive</kind>
         <file>rts55x.lib</file>
         <name>atoi.obj</name>
      </input_file>
      <input_file id="fl-34">
         <path>C:\ti\ccsv6\tools\compiler\c5500_4.4.1\lib\</path>
         <kind>archive</kind>
         <file>rts55x.lib</file>
         <name>autoinit.obj</name>
      </input_file>
      <input_file id="fl-35">
         <path>C:\ti\ccsv6\tools\compiler\c5500_4.4.1\lib\</path>
         <kind>archive</kind>
         <file>rts55x.lib</file>
         <name>cmpd.obj</name>
      </input_file>
      <input_file id="fl-36">
         <path>C:\ti\ccsv6\tools\compiler\c5500_4.4.1\lib\</path>
         <kind>archive</kind>
         <file>rts55x.lib</file>
         <name>ctype.obj</name>
      </input_file>
      <input_file id="fl-37">
         <path>C:\ti\ccsv6\tools\compiler\c5500_4.4.1\lib\</path>
         <kind>archive</kind>
         <file>rts55x.lib</file>
         <name>defs.obj</name>
      </input_file>
      <input_file id="fl-38">
         <path>C:\ti\ccsv6\tools\compiler\c5500_4.4.1\lib\</path>
         <kind>archive</kind>
         <file>rts55x.lib</file>
         <name>divul.obj</name>
      </input_file>
      <input_file id="fl-39">
         <path>C:\ti\ccsv6\tools\compiler\c5500_4.4.1\lib\</path>
         <kind>archive</kind>
         <file>rts55x.lib</file>
         <name>fputc.obj</name>
      </input_file>
      <input_file id="fl-3a">
         <path>C:\ti\ccsv6\tools\compiler\c5500_4.4.1\lib\</path>
         <kind>archive</kind>
         <file>rts55x.lib</file>
         <name>fputs.obj</name>
      </input_file>
      <input_file id="fl-3b">
         <path>C:\ti\ccsv6\tools\compiler\c5500_4.4.1\lib\</path>
         <kind>archive</kind>
         <file>rts55x.lib</file>
         <name>frcmpyd.obj</name>
      </input_file>
      <input_file id="fl-3c">
         <path>C:\ti\ccsv6\tools\compiler\c5500_4.4.1\lib\</path>
         <kind>archive</kind>
         <file>rts55x.lib</file>
         <name>isinf.obj</name>
      </input_file>
      <input_file id="fl-3d">
         <path>C:\ti\ccsv6\tools\compiler\c5500_4.4.1\lib\</path>
         <kind>archive</kind>
         <file>rts55x.lib</file>
         <name>llmpy.obj</name>
      </input_file>
      <input_file id="fl-3e">
         <path>C:\ti\ccsv6\tools\compiler\c5500_4.4.1\lib\</path>
         <kind>archive</kind>
         <file>rts55x.lib</file>
         <name>lowlev.obj</name>
      </input_file>
      <input_file id="fl-3f">
         <path>C:\ti\ccsv6\tools\compiler\c5500_4.4.1\lib\</path>
         <kind>archive</kind>
         <file>rts55x.lib</file>
         <name>ltoa.obj</name>
      </input_file>
      <input_file id="fl-40">
         <path>C:\ti\ccsv6\tools\compiler\c5500_4.4.1\lib\</path>
         <kind>archive</kind>
         <file>rts55x.lib</file>
         <name>memccpy.obj</name>
      </input_file>
      <input_file id="fl-41">
         <path>C:\ti\ccsv6\tools\compiler\c5500_4.4.1\lib\</path>
         <kind>archive</kind>
         <file>rts55x.lib</file>
         <name>memcpy.obj</name>
      </input_file>
      <input_file id="fl-42">
         <path>C:\ti\ccsv6\tools\compiler\c5500_4.4.1\lib\</path>
         <kind>archive</kind>
         <file>rts55x.lib</file>
         <name>remli.obj</name>
      </input_file>
      <input_file id="fl-43">
         <path>C:\ti\ccsv6\tools\compiler\c5500_4.4.1\lib\</path>
         <kind>archive</kind>
         <file>rts55x.lib</file>
         <name>remul.obj</name>
      </input_file>
      <input_file id="fl-44">
         <path>C:\ti\ccsv6\tools\compiler\c5500_4.4.1\lib\</path>
         <kind>archive</kind>
         <file>rts55x.lib</file>
         <name>trgdrv.obj</name>
      </input_file>
      <input_file id="fl-45">
         <path>C:\ti\ccsv6\tools\compiler\c5500_4.4.1\lib\</path>
         <kind>archive</kind>
         <file>rts55x.lib</file>
         <name>trgmsg.obj</name>
      </input_file>
      <input_file id="fl-46">
         <path>C:\ti\ccsv6\tools\compiler\c5500_4.4.1\lib\</path>
         <kind>archive</kind>
         <file>rts55x.lib</file>
         <name>udiv.obj</name>
      </input_file>
      <input_file id="fl-47">
         <path>C:\ti\ccsv6\tools\compiler\c5500_4.4.1\lib\</path>
         <kind>archive</kind>
         <file>rts55x.lib</file>
         <name>_io_perm.obj</name>
      </input_file>
      <input_file id="fl-48">
         <path>C:\ti\ccsv6\tools\compiler\c5500_4.4.1\lib\</path>
         <kind>archive</kind>
         <file>rts55x.lib</file>
         <name>divli.obj</name>
      </input_file>
      <input_file id="fl-49">
         <path>C:\ti\ccsv6\tools\compiler\c5500_4.4.1\lib\</path>
         <kind>archive</kind>
         <file>rts55x.lib</file>
         <name>fflush.obj</name>
      </input_file>
      <input_file id="fl-4a">
         <path>C:\ti\ccsv6\tools\compiler\c5500_4.4.1\lib\</path>
         <kind>archive</kind>
         <file>rts55x.lib</file>
         <name>fseek.obj</name>
      </input_file>
      <input_file id="fl-4b">
         <path>C:\ti\ccsv6\tools\compiler\c5500_4.4.1\lib\</path>
         <kind>archive</kind>
         <file>rts55x.lib</file>
         <name>setvbuf.obj</name>
      </input_file>
      <input_file id="fl-4c">
         <path>C:\ti\ccsv6\tools\compiler\c5500_4.4.1\lib\</path>
         <kind>archive</kind>
         <file>rts55x.lib</file>
         <name>fopen.obj</name>
      </input_file>
      <input_file id="fl-4d">
         <path>C:\ti\ccsv6\tools\compiler\c5500_4.4.1\lib\</path>
         <kind>archive</kind>
         <file>rts55x.lib</file>
         <name>memory.obj</name>
      </input_file>
      <input_file id="fl-4e">
         <path>C:\ti\ccsv6\tools\compiler\c5500_4.4.1\lib\</path>
         <kind>archive</kind>
         <file>rts55x.lib</file>
         <name>fclose.obj</name>
      </input_file>
      <input_file id="fl-4f">
         <path>C:\ti\ccsv6\tools\compiler\c5500_4.4.1\lib\</path>
         <kind>archive</kind>
         <file>rts55x.lib</file>
         <name>remove.obj</name>
      </input_file>
      <input_file id="fl-50">
         <path>..\c55xx_csl\lib\</path>
         <kind>archive</kind>
         <file>cslVC5505.lib</file>
         <name>csl_sar.obj</name>
      </input_file>
      <input_file id="fl-51">
         <path>..\c55xx_csl\lib\</path>
         <kind>archive</kind>
         <file>cslVC5505.lib</file>
         <name>csl_i2c.obj</name>
      </input_file>
      <input_file id="fl-52">
         <path>..\c55xx_csl\lib\</path>
         <kind>archive</kind>
         <file>cslVC5505.lib</file>
         <name>csl_gpio.obj</name>
      </input_file>
   </input_file_list>
   <object_component_list>
      <object_component id="oc-da">
         <name>.text</name>
         <load_address>0x20000</load_address>
         <run_address>0x20000</run_address>
         <size>0x15a4</size>
         <input_file_ref idref="fl-30"/>
      </object_component>
      <object_component id="oc-16a">
         <name>.text</name>
         <load_address>0x215a4</load_address>
         <run_address>0x215a4</run_address>
         <size>0xc3c</size>
         <input_file_ref idref="fl-51"/>
      </object_component>
      <object_component id="oc-165">
         <name>.text</name>
         <load_address>0x221e0</load_address>
         <run_address>0x221e0</run_address>
         <size>0xb18</size>
         <input_file_ref idref="fl-50"/>
      </object_component>
      <object_component id="oc-4e">
         <name>.text</name>
         <load_address>0x22cf8</load_address>
         <run_address>0x22cf8</run_address>
         <size>0x9f3</size>
         <input_file_ref idref="fl-14"/>
      </object_component>
      <object_component id="oc-170">
         <name>.text</name>
         <load_address>0x236eb</load_address>
         <run_address>0x236eb</run_address>
         <size>0x68d</size>
         <input_file_ref idref="fl-52"/>
      </object_component>
      <object_component id="oc-18">
         <name>.text</name>
         <load_address>0x23d78</load_address>
         <run_address>0x23d78</run_address>
         <size>0x5b5</size>
         <input_file_ref idref="fl-3"/>
      </object_component>
      <object_component id="oc-48">
         <name>.text</name>
         <load_address>0x2432d</load_address>
         <run_address>0x2432d</run_address>
         <size>0x554</size>
         <input_file_ref idref="fl-13"/>
      </object_component>
      <object_component id="oc-113">
         <name>.text</name>
         <load_address>0x24881</load_address>
         <run_address>0x24881</run_address>
         <size>0x543</size>
         <input_file_ref idref="fl-3e"/>
      </object_component>
      <object_component id="oc-12d">
         <name>.text</name>
         <load_address>0x24dc4</load_address>
         <run_address>0x24dc4</run_address>
         <size>0x528</size>
         <input_file_ref idref="fl-44"/>
      </object_component>
      <object_component id="oc-156">
         <name>.text</name>
         <load_address>0x252ec</load_address>
         <run_address>0x252ec</run_address>
         <size>0x4b5</size>
         <input_file_ref idref="fl-4d"/>
      </object_component>
      <object_component id="oc-82">
         <name>.text</name>
         <load_address>0x257a1</load_address>
         <run_address>0x257a1</run_address>
         <size>0x3cc</size>
         <input_file_ref idref="fl-1d"/>
      </object_component>
      <object_component id="oc-2a">
         <name>.text</name>
         <load_address>0x25b6d</load_address>
         <run_address>0x25b6d</run_address>
         <size>0x3b6</size>
         <input_file_ref idref="fl-6"/>
      </object_component>
      <object_component id="oc-1e">
         <name>.text</name>
         <load_address>0x25f23</load_address>
         <run_address>0x25f23</run_address>
         <size>0x31b</size>
         <input_file_ref idref="fl-4"/>
      </object_component>
      <object_component id="oc-33">
         <name>.text</name>
         <load_address>0x2623e</load_address>
         <run_address>0x2623e</run_address>
         <size>0x2e3</size>
         <input_file_ref idref="fl-7"/>
      </object_component>
      <object_component id="oc-150">
         <name>.text</name>
         <load_address>0x26521</load_address>
         <run_address>0x26521</run_address>
         <size>0x27f</size>
         <input_file_ref idref="fl-4c"/>
      </object_component>
      <object_component id="oc-10f">
         <name>.text</name>
         <load_address>0x267a0</load_address>
         <run_address>0x267a0</run_address>
         <size>0x25e</size>
         <input_file_ref idref="fl-3d"/>
      </object_component>
      <object_component id="oc-e0">
         <name>.text</name>
         <load_address>0x269fe</load_address>
         <run_address>0x269fe</run_address>
         <size>0x25a</size>
         <input_file_ref idref="fl-31"/>
      </object_component>
      <object_component id="oc-39">
         <name>.text</name>
         <load_address>0x26c58</load_address>
         <run_address>0x26c58</run_address>
         <size>0x252</size>
         <input_file_ref idref="fl-8"/>
      </object_component>
      <object_component id="oc-7b">
         <name>.text</name>
         <load_address>0x26eaa</load_address>
         <run_address>0x26eaa</run_address>
         <size>0x218</size>
         <input_file_ref idref="fl-1c"/>
      </object_component>
      <object_component id="oc-c0">
         <name>.text</name>
         <load_address>0x270c2</load_address>
         <run_address>0x270c2</run_address>
         <size>0x1f2</size>
         <input_file_ref idref="fl-2b"/>
      </object_component>
      <object_component id="oc-f0">
         <name>.text</name>
         <load_address>0x272b4</load_address>
         <run_address>0x272b4</run_address>
         <size>0x1ea</size>
         <input_file_ref idref="fl-35"/>
      </object_component>
      <object_component id="oc-5c">
         <name>.text</name>
         <load_address>0x2749e</load_address>
         <run_address>0x2749e</run_address>
         <size>0x192</size>
         <input_file_ref idref="fl-16"/>
      </object_component>
      <object_component id="oc-55">
         <name>.text</name>
         <load_address>0x27630</load_address>
         <run_address>0x27630</run_address>
         <size>0x17a</size>
         <input_file_ref idref="fl-15"/>
      </object_component>
      <object_component id="oc-102">
         <name>.text</name>
         <load_address>0x277aa</load_address>
         <run_address>0x277aa</run_address>
         <size>0x163</size>
         <input_file_ref idref="fl-3a"/>
      </object_component>
      <object_component id="oc-af">
         <name>.text</name>
         <load_address>0x2790d</load_address>
         <run_address>0x2790d</run_address>
         <size>0x14c</size>
         <input_file_ref idref="fl-27"/>
      </object_component>
      <object_component id="oc-25">
         <name>.text</name>
         <load_address>0x27a59</load_address>
         <run_address>0x27a59</run_address>
         <size>0x120</size>
         <input_file_ref idref="fl-5"/>
      </object_component>
      <object_component id="oc-61">
         <name>.text</name>
         <load_address>0x27b79</load_address>
         <run_address>0x27b79</run_address>
         <size>0x107</size>
         <input_file_ref idref="fl-17"/>
      </object_component>
      <object_component id="oc-14c">
         <name>.text</name>
         <load_address>0x27c80</load_address>
         <run_address>0x27c80</run_address>
         <size>0xe6</size>
         <input_file_ref idref="fl-4b"/>
      </object_component>
      <object_component id="oc-13c">
         <name>.text</name>
         <load_address>0x27d66</load_address>
         <run_address>0x27d66</run_address>
         <size>0xdd</size>
         <input_file_ref idref="fl-47"/>
      </object_component>
      <object_component id="oc-21">
         <name>.text:retain</name>
         <load_address>0x27e43</load_address>
         <run_address>0x27e43</run_address>
         <size>0xcc</size>
         <input_file_ref idref="fl-4"/>
      </object_component>
      <object_component id="oc-12">
         <name>.text</name>
         <load_address>0x27f0f</load_address>
         <run_address>0x27f0f</run_address>
         <size>0xc3</size>
         <input_file_ref idref="fl-2"/>
      </object_component>
      <object_component id="oc-144">
         <name>.text</name>
         <load_address>0x27fd2</load_address>
         <run_address>0x27fd2</run_address>
         <size>0xc2</size>
         <input_file_ref idref="fl-49"/>
      </object_component>
      <object_component id="oc-aa">
         <name>.text</name>
         <load_address>0x28094</load_address>
         <run_address>0x28094</run_address>
         <size>0xbf</size>
         <input_file_ref idref="fl-26"/>
      </object_component>
      <object_component id="oc-135">
         <name>.text:CIO_breakpoint</name>
         <load_address>0x28153</load_address>
         <run_address>0x28153</run_address>
         <size>0xba</size>
         <input_file_ref idref="fl-45"/>
      </object_component>
      <object_component id="oc-fe">
         <name>.text</name>
         <load_address>0x2820d</load_address>
         <run_address>0x2820d</run_address>
         <size>0xa6</size>
         <input_file_ref idref="fl-39"/>
      </object_component>
      <object_component id="oc-fa">
         <name>.text</name>
         <load_address>0x282b3</load_address>
         <run_address>0x282b3</run_address>
         <size>0xa1</size>
         <input_file_ref idref="fl-38"/>
      </object_component>
      <object_component id="oc-67">
         <name>.text</name>
         <load_address>0x28354</load_address>
         <run_address>0x28354</run_address>
         <size>0x8e</size>
         <input_file_ref idref="fl-18"/>
      </object_component>
      <object_component id="oc-44">
         <name>.text</name>
         <load_address>0x283e2</load_address>
         <run_address>0x283e2</run_address>
         <size>0x8c</size>
         <input_file_ref idref="fl-12"/>
      </object_component>
      <object_component id="oc-6c">
         <name>.text</name>
         <load_address>0x2846e</load_address>
         <run_address>0x2846e</run_address>
         <size>0x87</size>
         <input_file_ref idref="fl-19"/>
      </object_component>
      <object_component id="oc-119">
         <name>.text</name>
         <load_address>0x284f5</load_address>
         <run_address>0x284f5</run_address>
         <size>0x7d</size>
         <input_file_ref idref="fl-3f"/>
      </object_component>
      <object_component id="oc-15d">
         <name>.text</name>
         <load_address>0x28572</load_address>
         <run_address>0x28572</run_address>
         <size>0x7b</size>
         <input_file_ref idref="fl-4e"/>
      </object_component>
      <object_component id="oc-107">
         <name>.text</name>
         <load_address>0x285ed</load_address>
         <run_address>0x285ed</run_address>
         <size>0x76</size>
         <input_file_ref idref="fl-3b"/>
      </object_component>
      <object_component id="oc-9e">
         <name>.text</name>
         <load_address>0x28663</load_address>
         <run_address>0x28663</run_address>
         <size>0x73</size>
         <input_file_ref idref="fl-23"/>
      </object_component>
      <object_component id="oc-129">
         <name>.text</name>
         <load_address>0x286d6</load_address>
         <run_address>0x286d6</run_address>
         <size>0x72</size>
         <input_file_ref idref="fl-43"/>
      </object_component>
      <object_component id="oc-91">
         <name>.text</name>
         <load_address>0x28748</load_address>
         <run_address>0x28748</run_address>
         <size>0x6f</size>
         <input_file_ref idref="fl-20"/>
      </object_component>
      <object_component id="oc-3f">
         <name>.text</name>
         <load_address>0x287b7</load_address>
         <run_address>0x287b7</run_address>
         <size>0x6d</size>
         <input_file_ref idref="fl-11"/>
      </object_component>
      <object_component id="oc-132">
         <name>.text</name>
         <load_address>0x28824</load_address>
         <run_address>0x28824</run_address>
         <size>0x6d</size>
         <input_file_ref idref="fl-45"/>
      </object_component>
      <object_component id="oc-148">
         <name>.text</name>
         <load_address>0x28891</load_address>
         <run_address>0x28891</run_address>
         <size>0x6b</size>
         <input_file_ref idref="fl-4a"/>
      </object_component>
      <object_component id="oc-99">
         <name>.text</name>
         <load_address>0x288fc</load_address>
         <run_address>0x288fc</run_address>
         <size>0x67</size>
         <input_file_ref idref="fl-22"/>
      </object_component>
      <object_component id="oc-bb">
         <name>.text</name>
         <load_address>0x28963</load_address>
         <run_address>0x28963</run_address>
         <size>0x5f</size>
         <input_file_ref idref="fl-2a"/>
      </object_component>
      <object_component id="oc-e8">
         <name>.text</name>
         <load_address>0x289c2</load_address>
         <run_address>0x289c2</run_address>
         <size>0x5c</size>
         <input_file_ref idref="fl-33"/>
      </object_component>
      <object_component id="oc-72">
         <name>.text</name>
         <load_address>0x28a1e</load_address>
         <run_address>0x28a1e</run_address>
         <size>0x54</size>
         <input_file_ref idref="fl-1a"/>
      </object_component>
      <object_component id="oc-b7">
         <name>.text</name>
         <load_address>0x28a72</load_address>
         <run_address>0x28a72</run_address>
         <size>0x50</size>
         <input_file_ref idref="fl-29"/>
      </object_component>
      <object_component id="oc-ec">
         <name>.text</name>
         <load_address>0x28ac2</load_address>
         <run_address>0x28ac2</run_address>
         <size>0x4d</size>
         <input_file_ref idref="fl-34"/>
      </object_component>
      <object_component id="oc-e4">
         <name>.text</name>
         <load_address>0x28b0f</load_address>
         <run_address>0x28b0f</run_address>
         <size>0x4b</size>
         <input_file_ref idref="fl-32"/>
      </object_component>
      <object_component id="oc-125">
         <name>.text</name>
         <load_address>0x28b5a</load_address>
         <run_address>0x28b5a</run_address>
         <size>0x4b</size>
         <input_file_ref idref="fl-42"/>
      </object_component>
      <object_component id="oc-140">
         <name>.text</name>
         <load_address>0x28ba5</load_address>
         <run_address>0x28ba5</run_address>
         <size>0x48</size>
         <input_file_ref idref="fl-48"/>
      </object_component>
      <object_component id="oc-cb">
         <name>.text</name>
         <load_address>0x28bed</load_address>
         <run_address>0x28bed</run_address>
         <size>0x41</size>
         <input_file_ref idref="fl-2d"/>
      </object_component>
      <object_component id="oc-121">
         <name>.text</name>
         <load_address>0x28c2e</load_address>
         <run_address>0x28c2e</run_address>
         <size>0x3f</size>
         <input_file_ref idref="fl-41"/>
      </object_component>
      <object_component id="oc-86">
         <name>.text</name>
         <load_address>0x28c6d</load_address>
         <run_address>0x28c6d</run_address>
         <size>0x3e</size>
         <input_file_ref idref="fl-1e"/>
      </object_component>
      <object_component id="oc-a2">
         <name>.text</name>
         <load_address>0x28cab</load_address>
         <run_address>0x28cab</run_address>
         <size>0x3c</size>
         <input_file_ref idref="fl-24"/>
      </object_component>
      <object_component id="oc-10">
         <name>.text</name>
         <load_address>0x28ce7</load_address>
         <run_address>0x28ce7</run_address>
         <size>0x34</size>
         <input_file_ref idref="fl-1b"/>
      </object_component>
      <object_component id="oc-8d">
         <name>.text</name>
         <load_address>0x28d1b</load_address>
         <run_address>0x28d1b</run_address>
         <size>0x2a</size>
         <input_file_ref idref="fl-1f"/>
      </object_component>
      <object_component id="oc-138">
         <name>.text</name>
         <load_address>0x28d45</load_address>
         <run_address>0x28d45</run_address>
         <size>0x2a</size>
         <input_file_ref idref="fl-46"/>
      </object_component>
      <object_component id="oc-11d">
         <name>.text</name>
         <load_address>0x28d6f</load_address>
         <run_address>0x28d6f</run_address>
         <size>0x23</size>
         <input_file_ref idref="fl-40"/>
      </object_component>
      <object_component id="oc-10b">
         <name>.text</name>
         <load_address>0x28d92</load_address>
         <run_address>0x28d92</run_address>
         <size>0x1a</size>
         <input_file_ref idref="fl-3c"/>
      </object_component>
      <object_component id="oc-c7">
         <name>.text</name>
         <load_address>0x28dac</load_address>
         <run_address>0x28dac</run_address>
         <size>0x14</size>
         <input_file_ref idref="fl-2c"/>
      </object_component>
      <object_component id="oc-a6">
         <name>.text</name>
         <load_address>0x28dc0</load_address>
         <run_address>0x28dc0</run_address>
         <size>0x13</size>
         <input_file_ref idref="fl-25"/>
      </object_component>
      <object_component id="oc-d4">
         <name>.text</name>
         <load_address>0x28dd3</load_address>
         <run_address>0x28dd3</run_address>
         <size>0x12</size>
         <input_file_ref idref="fl-2f"/>
      </object_component>
      <object_component id="oc-b3">
         <name>.text</name>
         <load_address>0x28de5</load_address>
         <run_address>0x28de5</run_address>
         <size>0x10</size>
         <input_file_ref idref="fl-28"/>
      </object_component>
      <object_component id="oc-95">
         <name>.text</name>
         <load_address>0x28df5</load_address>
         <run_address>0x28df5</run_address>
         <size>0xc</size>
         <input_file_ref idref="fl-21"/>
      </object_component>
      <object_component id="oc-161">
         <name>.text</name>
         <load_address>0x28e01</load_address>
         <run_address>0x28e01</run_address>
         <size>0xa</size>
         <input_file_ref idref="fl-4f"/>
      </object_component>
      <object_component id="oc-8a">
         <name>.text:CIO_breakpoint</name>
         <load_address>0x28e0b</load_address>
         <run_address>0x28e0b</run_address>
         <size>0x7</size>
         <input_file_ref idref="fl-1e"/>
      </object_component>
      <object_component id="oc-d0">
         <name>.text</name>
         <load_address>0x28e12</load_address>
         <run_address>0x28e12</run_address>
         <size>0x2</size>
         <input_file_ref idref="fl-2e"/>
      </object_component>
      <object_component id="oc-77">
         <name>.stack</name>
         <uninitialized>true</uninitialized>
         <run_address>0xc0</run_address>
         <size>0x0</size>
         <input_file_ref idref="fl-1b"/>
      </object_component>
      <object_component id="oc-191">
         <name>.stack</name>
         <uninitialized>true</uninitialized>
         <run_address>0xc0</run_address>
         <size>0x0</size>
      </object_component>
      <object_component id="oc-175">
         <name>.sysstack</name>
         <uninitialized>true</uninitialized>
         <run_address>0x20c0</run_address>
         <size>0x0</size>
         <input_file_ref idref="fl-1b"/>
      </object_component>
      <object_component id="oc-193">
         <name>.sysstack</name>
         <uninitialized>true</uninitialized>
         <run_address>0x20c0</run_address>
         <size>0x0</size>
      </object_component>
      <object_component id="oc-2b">
         <name>.bss</name>
         <uninitialized>true</uninitialized>
         <run_address>0x50c0</run_address>
         <size>0xb7c</size>
         <input_file_ref idref="fl-6"/>
      </object_component>
      <object_component id="oc-13">
         <name>.bss</name>
         <uninitialized>true</uninitialized>
         <run_address>0x5c3c</run_address>
         <size>0x4</size>
         <input_file_ref idref="fl-2"/>
      </object_component>
      <object_component id="oc-1f">
         <name>.bss</name>
         <uninitialized>true</uninitialized>
         <run_address>0x5c40</run_address>
         <size>0x810</size>
         <input_file_ref idref="fl-4"/>
      </object_component>
      <object_component id="oc-f6">
         <name>.bss</name>
         <uninitialized>true</uninitialized>
         <run_address>0x6450</run_address>
         <size>0x232</size>
         <input_file_ref idref="fl-37"/>
      </object_component>
      <object_component id="oc-12e">
         <name>.bss</name>
         <uninitialized>true</uninitialized>
         <run_address>0x6682</run_address>
         <size>0x1a0</size>
         <input_file_ref idref="fl-44"/>
      </object_component>
      <object_component id="oc-151">
         <name>.bss</name>
         <uninitialized>true</uninitialized>
         <run_address>0x6822</run_address>
         <size>0x2</size>
         <input_file_ref idref="fl-4c"/>
      </object_component>
      <object_component id="oc-49">
         <name>.bss</name>
         <uninitialized>true</uninitialized>
         <run_address>0x6824</run_address>
         <size>0x108</size>
         <input_file_ref idref="fl-13"/>
      </object_component>
      <object_component id="oc-114">
         <name>.bss</name>
         <uninitialized>true</uninitialized>
         <run_address>0x692c</run_address>
         <size>0xe2</size>
         <input_file_ref idref="fl-3e"/>
      </object_component>
      <object_component id="oc-4f">
         <name>.bss</name>
         <uninitialized>true</uninitialized>
         <run_address>0x6a0e</run_address>
         <size>0x54</size>
         <input_file_ref idref="fl-14"/>
      </object_component>
      <object_component id="oc-16b">
         <name>.bss</name>
         <uninitialized>true</uninitialized>
         <run_address>0x6a64</run_address>
         <size>0x24</size>
         <input_file_ref idref="fl-51"/>
      </object_component>
      <object_component id="oc-56">
         <name>.bss</name>
         <uninitialized>true</uninitialized>
         <run_address>0x6a88</run_address>
         <size>0x10</size>
         <input_file_ref idref="fl-15"/>
      </object_component>
      <object_component id="oc-7c">
         <name>.bss</name>
         <uninitialized>true</uninitialized>
         <run_address>0x6a98</run_address>
         <size>0x10</size>
         <input_file_ref idref="fl-1c"/>
      </object_component>
      <object_component id="oc-c1">
         <name>.bss</name>
         <uninitialized>true</uninitialized>
         <run_address>0x6aa8</run_address>
         <size>0x10</size>
         <input_file_ref idref="fl-2b"/>
      </object_component>
      <object_component id="oc-157">
         <name>.bss</name>
         <uninitialized>true</uninitialized>
         <run_address>0x6ab8</run_address>
         <size>0xc</size>
         <input_file_ref idref="fl-4d"/>
      </object_component>
      <object_component id="oc-6d">
         <name>.bss</name>
         <uninitialized>true</uninitialized>
         <run_address>0x6ac4</run_address>
         <size>0x8</size>
         <input_file_ref idref="fl-19"/>
      </object_component>
      <object_component id="oc-d5">
         <name>.bss</name>
         <uninitialized>true</uninitialized>
         <run_address>0x6acc</run_address>
         <size>0x8</size>
         <input_file_ref idref="fl-2f"/>
      </object_component>
      <object_component id="oc-87">
         <name>.bss</name>
         <uninitialized>true</uninitialized>
         <run_address>0x6ad4</run_address>
         <size>0x8</size>
         <input_file_ref idref="fl-1e"/>
      </object_component>
      <object_component id="oc-62">
         <name>.bss</name>
         <uninitialized>true</uninitialized>
         <run_address>0x6adc</run_address>
         <size>0x4</size>
         <input_file_ref idref="fl-17"/>
      </object_component>
      <object_component id="oc-1a">
         <name>.const:.string</name>
         <load_address>0x6ae0</load_address>
         <run_address>0x6ae0</run_address>
         <size>0x2e8</size>
         <input_file_ref idref="fl-3"/>
      </object_component>
      <object_component id="oc-179">
         <name>.const:__ctypes_</name>
         <load_address>0x6dc8</load_address>
         <run_address>0x6dc8</run_address>
         <size>0x202</size>
         <input_file_ref idref="fl-36"/>
      </object_component>
      <object_component id="oc-177">
         <name>.const:_consolas_8ptBitmaps</name>
         <load_address>0x6fca</load_address>
         <run_address>0x6fca</run_address>
         <size>0xcc</size>
         <input_file_ref idref="fl-7"/>
      </object_component>
      <object_component id="oc-35">
         <name>.const</name>
         <load_address>0x7096</load_address>
         <run_address>0x7096</run_address>
         <size>0x2</size>
         <input_file_ref idref="fl-7"/>
      </object_component>
      <object_component id="oc-dd">
         <name>.const:.string</name>
         <load_address>0x7098</load_address>
         <run_address>0x7098</run_address>
         <size>0x48</size>
         <input_file_ref idref="fl-30"/>
      </object_component>
      <object_component id="oc-2f">
         <name>.const:.string</name>
         <load_address>0x70e0</load_address>
         <run_address>0x70e0</run_address>
         <size>0x3e</size>
         <input_file_ref idref="fl-6"/>
      </object_component>
      <object_component id="oc-7f">
         <name>.const</name>
         <load_address>0x7120</load_address>
         <run_address>0x7120</run_address>
         <size>0x2c</size>
         <input_file_ref idref="fl-1c"/>
      </object_component>
      <object_component id="oc-c4">
         <name>.const</name>
         <load_address>0x714c</load_address>
         <run_address>0x714c</run_address>
         <size>0x28</size>
         <input_file_ref idref="fl-2b"/>
      </object_component>
      <object_component id="oc-dc">
         <name>.const</name>
         <load_address>0x7174</load_address>
         <run_address>0x7174</run_address>
         <size>0x18</size>
         <input_file_ref idref="fl-30"/>
      </object_component>
      <object_component id="oc-178">
         <name>.const:_initial_approx$1</name>
         <load_address>0x718c</load_address>
         <run_address>0x718c</run_address>
         <size>0x10</size>
         <input_file_ref idref="fl-1d"/>
      </object_component>
      <object_component id="oc-bd">
         <name>.const</name>
         <load_address>0x719c</load_address>
         <run_address>0x719c</run_address>
         <size>0x10</size>
         <input_file_ref idref="fl-2a"/>
      </object_component>
      <object_component id="oc-ac">
         <name>.const</name>
         <load_address>0x71ac</load_address>
         <run_address>0x71ac</run_address>
         <size>0xc</size>
         <input_file_ref idref="fl-26"/>
      </object_component>
      <object_component id="oc-3b">
         <name>.const</name>
         <load_address>0x71b8</load_address>
         <run_address>0x71b8</run_address>
         <size>0x8</size>
         <input_file_ref idref="fl-8"/>
      </object_component>
      <object_component id="oc-cd">
         <name>.const</name>
         <load_address>0x71c0</load_address>
         <run_address>0x71c0</run_address>
         <size>0x8</size>
         <input_file_ref idref="fl-2d"/>
      </object_component>
      <object_component id="oc-104">
         <name>.const:.string</name>
         <load_address>0x71c8</load_address>
         <run_address>0x71c8</run_address>
         <size>0x4</size>
         <input_file_ref idref="fl-3a"/>
      </object_component>
      <object_component id="oc-2e">
         <name>.const</name>
         <load_address>0x71cc</load_address>
         <run_address>0x71cc</run_address>
         <size>0x4</size>
         <input_file_ref idref="fl-6"/>
      </object_component>
      <object_component id="oc-9b">
         <name>.const</name>
         <load_address>0x71d0</load_address>
         <run_address>0x71d0</run_address>
         <size>0x4</size>
         <input_file_ref idref="fl-22"/>
      </object_component>
      <object_component id="oc-15a">
         <name>.sysmem</name>
         <uninitialized>true</uninitialized>
         <run_address>0x30c0</run_address>
         <size>0x0</size>
         <input_file_ref idref="fl-4d"/>
      </object_component>
      <object_component id="oc-192">
         <name>.sysmem</name>
         <uninitialized>true</uninitialized>
         <run_address>0x30c0</run_address>
         <size>0x0</size>
      </object_component>
      <object_component id="oc-176">
         <name>.switch:_printChar</name>
         <load_address>0x403b8</load_address>
         <run_address>0x403b8</run_address>
         <size>0x28</size>
         <input_file_ref idref="fl-7"/>
      </object_component>
      <object_component id="oc-116">
         <name>.cinit</name>
         <load_address>0x40240</load_address>
         <run_address>0x40240</run_address>
         <size>0x5a</size>
         <input_file_ref idref="fl-3e"/>
      </object_component>
      <object_component id="oc-f8">
         <name>.cinit</name>
         <load_address>0x4029a</load_address>
         <run_address>0x4029a</run_address>
         <size>0x54</size>
         <input_file_ref idref="fl-37"/>
      </object_component>
      <object_component id="oc-2d">
         <name>.cinit</name>
         <load_address>0x402ee</load_address>
         <run_address>0x402ee</run_address>
         <size>0x3c</size>
         <input_file_ref idref="fl-6"/>
      </object_component>
      <object_component id="oc-58">
         <name>.cinit</name>
         <load_address>0x4032a</load_address>
         <run_address>0x4032a</run_address>
         <size>0x18</size>
         <input_file_ref idref="fl-15"/>
      </object_component>
      <object_component id="oc-7e">
         <name>.cinit</name>
         <load_address>0x40342</load_address>
         <run_address>0x40342</run_address>
         <size>0x16</size>
         <input_file_ref idref="fl-1c"/>
      </object_component>
      <object_component id="oc-c3">
         <name>.cinit</name>
         <load_address>0x40358</load_address>
         <run_address>0x40358</run_address>
         <size>0x16</size>
         <input_file_ref idref="fl-2b"/>
      </object_component>
      <object_component id="oc-d7">
         <name>.cinit</name>
         <load_address>0x4036e</load_address>
         <run_address>0x4036e</run_address>
         <size>0x14</size>
         <input_file_ref idref="fl-2f"/>
      </object_component>
      <object_component id="oc-89">
         <name>.cinit</name>
         <load_address>0x40382</load_address>
         <run_address>0x40382</run_address>
         <size>0x14</size>
         <input_file_ref idref="fl-1e"/>
      </object_component>
      <object_component id="oc-51">
         <name>.cinit</name>
         <load_address>0x40396</load_address>
         <run_address>0x40396</run_address>
         <size>0x10</size>
         <input_file_ref idref="fl-14"/>
      </object_component>
      <object_component id="oc-153">
         <name>.cinit</name>
         <load_address>0x403a6</load_address>
         <run_address>0x403a6</run_address>
         <size>0x8</size>
         <input_file_ref idref="fl-4c"/>
      </object_component>
      <object_component id="oc-159">
         <name>.cinit</name>
         <load_address>0x403ae</load_address>
         <run_address>0x403ae</run_address>
         <size>0x8</size>
         <input_file_ref idref="fl-4d"/>
      </object_component>
      <object_component id="oc-134">
         <name>.cio</name>
         <uninitialized>true</uninitialized>
         <run_address>0x40000</run_address>
         <size>0x240</size>
         <input_file_ref idref="fl-45"/>
      </object_component>
      <object_component id="oc-40">
         <name>vectors</name>
         <load_address>0x4fe00</load_address>
         <run_address>0x4fe00</run_address>
         <size>0x100</size>
         <input_file_ref idref="fl-11"/>
      </object_component>
      <object_component id="oc-11">
         <name>vectors</name>
         <load_address>0x4ff00</load_address>
         <run_address>0x4ff00</run_address>
         <size>0x100</size>
         <input_file_ref idref="fl-2e"/>
      </object_component>
      <object_component id="oc-14">
         <name>.debug_info</name>
         <load_address>0x0</load_address>
         <run_address>0x0</run_address>
         <size>0xc75</size>
         <input_file_ref idref="fl-2"/>
      </object_component>
      <object_component id="oc-19">
         <name>.debug_info</name>
         <load_address>0xc75</load_address>
         <run_address>0xc75</run_address>
         <size>0x1bcc</size>
         <input_file_ref idref="fl-3"/>
      </object_component>
      <object_component id="oc-20">
         <name>.debug_info</name>
         <load_address>0x2841</load_address>
         <run_address>0x2841</run_address>
         <size>0x105f</size>
         <input_file_ref idref="fl-4"/>
      </object_component>
      <object_component id="oc-26">
         <name>.debug_info</name>
         <load_address>0x38a0</load_address>
         <run_address>0x38a0</run_address>
         <size>0x77c</size>
         <input_file_ref idref="fl-5"/>
      </object_component>
      <object_component id="oc-2c">
         <name>.debug_info</name>
         <load_address>0x401c</load_address>
         <run_address>0x401c</run_address>
         <size>0x12f6</size>
         <input_file_ref idref="fl-6"/>
      </object_component>
      <object_component id="oc-34">
         <name>.debug_info</name>
         <load_address>0x5312</load_address>
         <run_address>0x5312</run_address>
         <size>0xcfe</size>
         <input_file_ref idref="fl-7"/>
      </object_component>
      <object_component id="oc-3a">
         <name>.debug_info</name>
         <load_address>0x6010</load_address>
         <run_address>0x6010</run_address>
         <size>0xd7e</size>
         <input_file_ref idref="fl-8"/>
      </object_component>
      <object_component id="oc-41">
         <name>.debug_info</name>
         <load_address>0x6d8e</load_address>
         <run_address>0x6d8e</run_address>
         <size>0x1a4</size>
         <input_file_ref idref="fl-11"/>
      </object_component>
      <object_component id="oc-45">
         <name>.debug_info</name>
         <load_address>0x6f32</load_address>
         <run_address>0x6f32</run_address>
         <size>0x18e</size>
         <input_file_ref idref="fl-12"/>
      </object_component>
      <object_component id="oc-4a">
         <name>.debug_info</name>
         <load_address>0x70c0</load_address>
         <run_address>0x70c0</run_address>
         <size>0x6f61</size>
         <input_file_ref idref="fl-13"/>
      </object_component>
      <object_component id="oc-50">
         <name>.debug_info</name>
         <load_address>0xe021</load_address>
         <run_address>0xe021</run_address>
         <size>0x710f</size>
         <input_file_ref idref="fl-14"/>
      </object_component>
      <object_component id="oc-57">
         <name>.debug_info</name>
         <load_address>0x15130</load_address>
         <run_address>0x15130</run_address>
         <size>0x6384</size>
         <input_file_ref idref="fl-15"/>
      </object_component>
      <object_component id="oc-5d">
         <name>.debug_info</name>
         <load_address>0x1b4b4</load_address>
         <run_address>0x1b4b4</run_address>
         <size>0x5f6b</size>
         <input_file_ref idref="fl-16"/>
      </object_component>
      <object_component id="oc-63">
         <name>.debug_info</name>
         <load_address>0x2141f</load_address>
         <run_address>0x2141f</run_address>
         <size>0x6979</size>
         <input_file_ref idref="fl-17"/>
      </object_component>
      <object_component id="oc-68">
         <name>.debug_info</name>
         <load_address>0x27d98</load_address>
         <run_address>0x27d98</run_address>
         <size>0x65d7</size>
         <input_file_ref idref="fl-18"/>
      </object_component>
      <object_component id="oc-6e">
         <name>.debug_info</name>
         <load_address>0x2e36f</load_address>
         <run_address>0x2e36f</run_address>
         <size>0x63d2</size>
         <input_file_ref idref="fl-19"/>
      </object_component>
      <object_component id="oc-73">
         <name>.debug_info</name>
         <load_address>0x34741</load_address>
         <run_address>0x34741</run_address>
         <size>0x5896</size>
         <input_file_ref idref="fl-1a"/>
      </object_component>
      <object_component id="oc-78">
         <name>.debug_info</name>
         <load_address>0x39fd7</load_address>
         <run_address>0x39fd7</run_address>
         <size>0xe8</size>
         <input_file_ref idref="fl-1b"/>
      </object_component>
      <object_component id="oc-7d">
         <name>.debug_info</name>
         <load_address>0x3a0bf</load_address>
         <run_address>0x3a0bf</run_address>
         <size>0x716</size>
         <input_file_ref idref="fl-1c"/>
      </object_component>
      <object_component id="oc-83">
         <name>.debug_info</name>
         <load_address>0x3a7d5</load_address>
         <run_address>0x3a7d5</run_address>
         <size>0x7e8</size>
         <input_file_ref idref="fl-1d"/>
      </object_component>
      <object_component id="oc-88">
         <name>.debug_info</name>
         <load_address>0x3afbd</load_address>
         <run_address>0x3afbd</run_address>
         <size>0x5fb</size>
         <input_file_ref idref="fl-1e"/>
      </object_component>
      <object_component id="oc-8e">
         <name>.debug_info</name>
         <load_address>0x3b5b8</load_address>
         <run_address>0x3b5b8</run_address>
         <size>0x4cf</size>
         <input_file_ref idref="fl-1f"/>
      </object_component>
      <object_component id="oc-92">
         <name>.debug_info</name>
         <load_address>0x3ba87</load_address>
         <run_address>0x3ba87</run_address>
         <size>0x534</size>
         <input_file_ref idref="fl-20"/>
      </object_component>
      <object_component id="oc-96">
         <name>.debug_info</name>
         <load_address>0x3bfbb</load_address>
         <run_address>0x3bfbb</run_address>
         <size>0x4cf</size>
         <input_file_ref idref="fl-21"/>
      </object_component>
      <object_component id="oc-9a">
         <name>.debug_info</name>
         <load_address>0x3c48a</load_address>
         <run_address>0x3c48a</run_address>
         <size>0x549</size>
         <input_file_ref idref="fl-22"/>
      </object_component>
      <object_component id="oc-9f">
         <name>.debug_info</name>
         <load_address>0x3c9d3</load_address>
         <run_address>0x3c9d3</run_address>
         <size>0x53e</size>
         <input_file_ref idref="fl-23"/>
      </object_component>
      <object_component id="oc-a3">
         <name>.debug_info</name>
         <load_address>0x3cf11</load_address>
         <run_address>0x3cf11</run_address>
         <size>0xeb</size>
         <input_file_ref idref="fl-24"/>
      </object_component>
      <object_component id="oc-a7">
         <name>.debug_info</name>
         <load_address>0x3cffc</load_address>
         <run_address>0x3cffc</run_address>
         <size>0xbd</size>
         <input_file_ref idref="fl-25"/>
      </object_component>
      <object_component id="oc-ab">
         <name>.debug_info</name>
         <load_address>0x3d0b9</load_address>
         <run_address>0x3d0b9</run_address>
         <size>0x50c</size>
         <input_file_ref idref="fl-26"/>
      </object_component>
      <object_component id="oc-b0">
         <name>.debug_info</name>
         <load_address>0x3d5c5</load_address>
         <run_address>0x3d5c5</run_address>
         <size>0x55b</size>
         <input_file_ref idref="fl-27"/>
      </object_component>
      <object_component id="oc-b4">
         <name>.debug_info</name>
         <load_address>0x3db20</load_address>
         <run_address>0x3db20</run_address>
         <size>0x4b7</size>
         <input_file_ref idref="fl-28"/>
      </object_component>
      <object_component id="oc-b8">
         <name>.debug_info</name>
         <load_address>0x3dfd7</load_address>
         <run_address>0x3dfd7</run_address>
         <size>0x76c</size>
         <input_file_ref idref="fl-29"/>
      </object_component>
      <object_component id="oc-bc">
         <name>.debug_info</name>
         <load_address>0x3e743</load_address>
         <run_address>0x3e743</run_address>
         <size>0x52e</size>
         <input_file_ref idref="fl-2a"/>
      </object_component>
      <object_component id="oc-c2">
         <name>.debug_info</name>
         <load_address>0x3ec71</load_address>
         <run_address>0x3ec71</run_address>
         <size>0x6ef</size>
         <input_file_ref idref="fl-2b"/>
      </object_component>
      <object_component id="oc-c8">
         <name>.debug_info</name>
         <load_address>0x3f360</load_address>
         <run_address>0x3f360</run_address>
         <size>0x4de</size>
         <input_file_ref idref="fl-2c"/>
      </object_component>
      <object_component id="oc-cc">
         <name>.debug_info</name>
         <load_address>0x3f83e</load_address>
         <run_address>0x3f83e</run_address>
         <size>0x521</size>
         <input_file_ref idref="fl-2d"/>
      </object_component>
      <object_component id="oc-d1">
         <name>.debug_info</name>
         <load_address>0x3fd5f</load_address>
         <run_address>0x3fd5f</run_address>
         <size>0xbc</size>
         <input_file_ref idref="fl-2e"/>
      </object_component>
      <object_component id="oc-d6">
         <name>.debug_info</name>
         <load_address>0x3fe1b</load_address>
         <run_address>0x3fe1b</run_address>
         <size>0x5bc</size>
         <input_file_ref idref="fl-2f"/>
      </object_component>
      <object_component id="oc-db">
         <name>.debug_info</name>
         <load_address>0x403d7</load_address>
         <run_address>0x403d7</run_address>
         <size>0x27bd</size>
         <input_file_ref idref="fl-30"/>
      </object_component>
      <object_component id="oc-e1">
         <name>.debug_info</name>
         <load_address>0x42b94</load_address>
         <run_address>0x42b94</run_address>
         <size>0x5ab</size>
         <input_file_ref idref="fl-31"/>
      </object_component>
      <object_component id="oc-e5">
         <name>.debug_info</name>
         <load_address>0x4313f</load_address>
         <run_address>0x4313f</run_address>
         <size>0x586</size>
         <input_file_ref idref="fl-32"/>
      </object_component>
      <object_component id="oc-e9">
         <name>.debug_info</name>
         <load_address>0x436c5</load_address>
         <run_address>0x436c5</run_address>
         <size>0x5a4</size>
         <input_file_ref idref="fl-33"/>
      </object_component>
      <object_component id="oc-ed">
         <name>.debug_info</name>
         <load_address>0x43c69</load_address>
         <run_address>0x43c69</run_address>
         <size>0xcd</size>
         <input_file_ref idref="fl-34"/>
      </object_component>
      <object_component id="oc-f1">
         <name>.debug_info</name>
         <load_address>0x43d36</load_address>
         <run_address>0x43d36</run_address>
         <size>0x81f</size>
         <input_file_ref idref="fl-35"/>
      </object_component>
      <object_component id="oc-f4">
         <name>.debug_info</name>
         <load_address>0x44555</load_address>
         <run_address>0x44555</run_address>
         <size>0x498</size>
         <input_file_ref idref="fl-36"/>
      </object_component>
      <object_component id="oc-f7">
         <name>.debug_info</name>
         <load_address>0x449ed</load_address>
         <run_address>0x449ed</run_address>
         <size>0x57e</size>
         <input_file_ref idref="fl-37"/>
      </object_component>
      <object_component id="oc-fb">
         <name>.debug_info</name>
         <load_address>0x44f6b</load_address>
         <run_address>0x44f6b</run_address>
         <size>0x534</size>
         <input_file_ref idref="fl-38"/>
      </object_component>
      <object_component id="oc-ff">
         <name>.debug_info</name>
         <load_address>0x4549f</load_address>
         <run_address>0x4549f</run_address>
         <size>0x6aa</size>
         <input_file_ref idref="fl-39"/>
      </object_component>
      <object_component id="oc-103">
         <name>.debug_info</name>
         <load_address>0x45b49</load_address>
         <run_address>0x45b49</run_address>
         <size>0x942</size>
         <input_file_ref idref="fl-3a"/>
      </object_component>
      <object_component id="oc-108">
         <name>.debug_info</name>
         <load_address>0x4648b</load_address>
         <run_address>0x4648b</run_address>
         <size>0x4d2</size>
         <input_file_ref idref="fl-3b"/>
      </object_component>
      <object_component id="oc-10c">
         <name>.debug_info</name>
         <load_address>0x4695d</load_address>
         <run_address>0x4695d</run_address>
         <size>0x680</size>
         <input_file_ref idref="fl-3c"/>
      </object_component>
      <object_component id="oc-110">
         <name>.debug_info</name>
         <load_address>0x46fdd</load_address>
         <run_address>0x46fdd</run_address>
         <size>0x7d4</size>
         <input_file_ref idref="fl-3d"/>
      </object_component>
      <object_component id="oc-115">
         <name>.debug_info</name>
         <load_address>0x477b1</load_address>
         <run_address>0x477b1</run_address>
         <size>0x144b</size>
         <input_file_ref idref="fl-3e"/>
      </object_component>
      <object_component id="oc-11a">
         <name>.debug_info</name>
         <load_address>0x48bfc</load_address>
         <run_address>0x48bfc</run_address>
         <size>0x5ad</size>
         <input_file_ref idref="fl-3f"/>
      </object_component>
      <object_component id="oc-11e">
         <name>.debug_info</name>
         <load_address>0x491a9</load_address>
         <run_address>0x491a9</run_address>
         <size>0x574</size>
         <input_file_ref idref="fl-40"/>
      </object_component>
      <object_component id="oc-122">
         <name>.debug_info</name>
         <load_address>0x4971d</load_address>
         <run_address>0x4971d</run_address>
         <size>0xd1</size>
         <input_file_ref idref="fl-41"/>
      </object_component>
      <object_component id="oc-126">
         <name>.debug_info</name>
         <load_address>0x497ee</load_address>
         <run_address>0x497ee</run_address>
         <size>0x4f2</size>
         <input_file_ref idref="fl-42"/>
      </object_component>
      <object_component id="oc-12a">
         <name>.debug_info</name>
         <load_address>0x49ce0</load_address>
         <run_address>0x49ce0</run_address>
         <size>0x534</size>
         <input_file_ref idref="fl-43"/>
      </object_component>
      <object_component id="oc-12f">
         <name>.debug_info</name>
         <load_address>0x4a214</load_address>
         <run_address>0x4a214</run_address>
         <size>0xed4</size>
         <input_file_ref idref="fl-44"/>
      </object_component>
      <object_component id="oc-133">
         <name>.debug_info</name>
         <load_address>0x4b0e8</load_address>
         <run_address>0x4b0e8</run_address>
         <size>0x744</size>
         <input_file_ref idref="fl-45"/>
      </object_component>
      <object_component id="oc-139">
         <name>.debug_info</name>
         <load_address>0x4b82c</load_address>
         <run_address>0x4b82c</run_address>
         <size>0xef</size>
         <input_file_ref idref="fl-46"/>
      </object_component>
      <object_component id="oc-13d">
         <name>.debug_info</name>
         <load_address>0x4b91b</load_address>
         <run_address>0x4b91b</run_address>
         <size>0x662</size>
         <input_file_ref idref="fl-47"/>
      </object_component>
      <object_component id="oc-141">
         <name>.debug_info</name>
         <load_address>0x4bf7d</load_address>
         <run_address>0x4bf7d</run_address>
         <size>0x4f2</size>
         <input_file_ref idref="fl-48"/>
      </object_component>
      <object_component id="oc-145">
         <name>.debug_info</name>
         <load_address>0x4c46f</load_address>
         <run_address>0x4c46f</run_address>
         <size>0x706</size>
         <input_file_ref idref="fl-49"/>
      </object_component>
      <object_component id="oc-149">
         <name>.debug_info</name>
         <load_address>0x4cb75</load_address>
         <run_address>0x4cb75</run_address>
         <size>0x5f7</size>
         <input_file_ref idref="fl-4a"/>
      </object_component>
      <object_component id="oc-14d">
         <name>.debug_info</name>
         <load_address>0x4d16c</load_address>
         <run_address>0x4d16c</run_address>
         <size>0x64a</size>
         <input_file_ref idref="fl-4b"/>
      </object_component>
      <object_component id="oc-152">
         <name>.debug_info</name>
         <load_address>0x4d7b6</load_address>
         <run_address>0x4d7b6</run_address>
         <size>0xa1c</size>
         <input_file_ref idref="fl-4c"/>
      </object_component>
      <object_component id="oc-158">
         <name>.debug_info</name>
         <load_address>0x4e1d2</load_address>
         <run_address>0x4e1d2</run_address>
         <size>0xb97</size>
         <input_file_ref idref="fl-4d"/>
      </object_component>
      <object_component id="oc-15e">
         <name>.debug_info</name>
         <load_address>0x4ed69</load_address>
         <run_address>0x4ed69</run_address>
         <size>0x64f</size>
         <input_file_ref idref="fl-4e"/>
      </object_component>
      <object_component id="oc-162">
         <name>.debug_info</name>
         <load_address>0x4f3b8</load_address>
         <run_address>0x4f3b8</run_address>
         <size>0x510</size>
         <input_file_ref idref="fl-4f"/>
      </object_component>
      <object_component id="oc-166">
         <name>.debug_info</name>
         <load_address>0x4f8c8</load_address>
         <run_address>0x4f8c8</run_address>
         <size>0x6ebb</size>
         <input_file_ref idref="fl-50"/>
      </object_component>
      <object_component id="oc-16c">
         <name>.debug_info</name>
         <load_address>0x56783</load_address>
         <run_address>0x56783</run_address>
         <size>0x7424</size>
         <input_file_ref idref="fl-51"/>
      </object_component>
      <object_component id="oc-171">
         <name>.debug_info</name>
         <load_address>0x5dba7</load_address>
         <run_address>0x5dba7</run_address>
         <size>0x6ced</size>
         <input_file_ref idref="fl-52"/>
      </object_component>
      <object_component id="oc-19a">
         <name>.debug_info</name>
         <load_address>0x64894</load_address>
         <run_address>0x64894</run_address>
         <size>0x6e</size>
      </object_component>
      <object_component id="oc-15">
         <name>.debug_frame</name>
         <load_address>0x0</load_address>
         <run_address>0x0</run_address>
         <size>0x171</size>
         <input_file_ref idref="fl-2"/>
      </object_component>
      <object_component id="oc-1b">
         <name>.debug_frame</name>
         <load_address>0x171</load_address>
         <run_address>0x171</run_address>
         <size>0x121</size>
         <input_file_ref idref="fl-3"/>
      </object_component>
      <object_component id="oc-22">
         <name>.debug_frame</name>
         <load_address>0x292</load_address>
         <run_address>0x292</run_address>
         <size>0x16a</size>
         <input_file_ref idref="fl-4"/>
      </object_component>
      <object_component id="oc-27">
         <name>.debug_frame</name>
         <load_address>0x3fc</load_address>
         <run_address>0x3fc</run_address>
         <size>0x102</size>
         <input_file_ref idref="fl-5"/>
      </object_component>
      <object_component id="oc-30">
         <name>.debug_frame</name>
         <load_address>0x4fe</load_address>
         <run_address>0x4fe</run_address>
         <size>0x130</size>
         <input_file_ref idref="fl-6"/>
      </object_component>
      <object_component id="oc-36">
         <name>.debug_frame</name>
         <load_address>0x62e</load_address>
         <run_address>0x62e</run_address>
         <size>0x13c</size>
         <input_file_ref idref="fl-7"/>
      </object_component>
      <object_component id="oc-3c">
         <name>.debug_frame</name>
         <load_address>0x76a</load_address>
         <run_address>0x76a</run_address>
         <size>0x175</size>
         <input_file_ref idref="fl-8"/>
      </object_component>
      <object_component id="oc-4b">
         <name>.debug_frame</name>
         <load_address>0x8df</load_address>
         <run_address>0x8df</run_address>
         <size>0x2a1</size>
         <input_file_ref idref="fl-13"/>
      </object_component>
      <object_component id="oc-52">
         <name>.debug_frame</name>
         <load_address>0xb80</load_address>
         <run_address>0xb80</run_address>
         <size>0x197</size>
         <input_file_ref idref="fl-14"/>
      </object_component>
      <object_component id="oc-59">
         <name>.debug_frame</name>
         <load_address>0xd17</load_address>
         <run_address>0xd17</run_address>
         <size>0x102</size>
         <input_file_ref idref="fl-15"/>
      </object_component>
      <object_component id="oc-5e">
         <name>.debug_frame</name>
         <load_address>0xe19</load_address>
         <run_address>0xe19</run_address>
         <size>0x13a</size>
         <input_file_ref idref="fl-16"/>
      </object_component>
      <object_component id="oc-64">
         <name>.debug_frame</name>
         <load_address>0xf53</load_address>
         <run_address>0xf53</run_address>
         <size>0x171</size>
         <input_file_ref idref="fl-17"/>
      </object_component>
      <object_component id="oc-69">
         <name>.debug_frame</name>
         <load_address>0x10c4</load_address>
         <run_address>0x10c4</run_address>
         <size>0x138</size>
         <input_file_ref idref="fl-18"/>
      </object_component>
      <object_component id="oc-6f">
         <name>.debug_frame</name>
         <load_address>0x11fc</load_address>
         <run_address>0x11fc</run_address>
         <size>0x138</size>
         <input_file_ref idref="fl-19"/>
      </object_component>
      <object_component id="oc-74">
         <name>.debug_frame</name>
         <load_address>0x1334</load_address>
         <run_address>0x1334</run_address>
         <size>0x116</size>
         <input_file_ref idref="fl-1a"/>
      </object_component>
      <object_component id="oc-167">
         <name>.debug_frame</name>
         <load_address>0x144a</load_address>
         <run_address>0x144a</run_address>
         <size>0x272</size>
         <input_file_ref idref="fl-50"/>
      </object_component>
      <object_component id="oc-16d">
         <name>.debug_frame</name>
         <load_address>0x16bc</load_address>
         <run_address>0x16bc</run_address>
         <size>0x1ef</size>
         <input_file_ref idref="fl-51"/>
      </object_component>
      <object_component id="oc-172">
         <name>.debug_frame</name>
         <load_address>0x18ab</load_address>
         <run_address>0x18ab</run_address>
         <size>0x224</size>
         <input_file_ref idref="fl-52"/>
      </object_component>
      <object_component id="oc-16">
         <name>.debug_line</name>
         <load_address>0x0</load_address>
         <run_address>0x0</run_address>
         <size>0xd0</size>
         <input_file_ref idref="fl-2"/>
      </object_component>
      <object_component id="oc-1c">
         <name>.debug_line</name>
         <load_address>0xd0</load_address>
         <run_address>0xd0</run_address>
         <size>0x253</size>
         <input_file_ref idref="fl-3"/>
      </object_component>
      <object_component id="oc-23">
         <name>.debug_line</name>
         <load_address>0x323</load_address>
         <run_address>0x323</run_address>
         <size>0x198</size>
         <input_file_ref idref="fl-4"/>
      </object_component>
      <object_component id="oc-28">
         <name>.debug_line</name>
         <load_address>0x4bb</load_address>
         <run_address>0x4bb</run_address>
         <size>0x6e</size>
         <input_file_ref idref="fl-5"/>
      </object_component>
      <object_component id="oc-31">
         <name>.debug_line</name>
         <load_address>0x529</load_address>
         <run_address>0x529</run_address>
         <size>0x154</size>
         <input_file_ref idref="fl-6"/>
      </object_component>
      <object_component id="oc-37">
         <name>.debug_line</name>
         <load_address>0x67d</load_address>
         <run_address>0x67d</run_address>
         <size>0x1dc</size>
         <input_file_ref idref="fl-7"/>
      </object_component>
      <object_component id="oc-3d">
         <name>.debug_line</name>
         <load_address>0x859</load_address>
         <run_address>0x859</run_address>
         <size>0xef</size>
         <input_file_ref idref="fl-8"/>
      </object_component>
      <object_component id="oc-42">
         <name>.debug_line</name>
         <load_address>0x948</load_address>
         <run_address>0x948</run_address>
         <size>0xa8</size>
         <input_file_ref idref="fl-11"/>
      </object_component>
      <object_component id="oc-46">
         <name>.debug_line</name>
         <load_address>0x9f0</load_address>
         <run_address>0x9f0</run_address>
         <size>0xab</size>
         <input_file_ref idref="fl-12"/>
      </object_component>
      <object_component id="oc-4c">
         <name>.debug_line</name>
         <load_address>0xa9b</load_address>
         <run_address>0xa9b</run_address>
         <size>0x83c</size>
         <input_file_ref idref="fl-13"/>
      </object_component>
      <object_component id="oc-53">
         <name>.debug_line</name>
         <load_address>0x12d7</load_address>
         <run_address>0x12d7</run_address>
         <size>0x94c</size>
         <input_file_ref idref="fl-14"/>
      </object_component>
      <object_component id="oc-5a">
         <name>.debug_line</name>
         <load_address>0x1c23</load_address>
         <run_address>0x1c23</run_address>
         <size>0x66e</size>
         <input_file_ref idref="fl-15"/>
      </object_component>
      <object_component id="oc-5f">
         <name>.debug_line</name>
         <load_address>0x2291</load_address>
         <run_address>0x2291</run_address>
         <size>0x6ca</size>
         <input_file_ref idref="fl-16"/>
      </object_component>
      <object_component id="oc-65">
         <name>.debug_line</name>
         <load_address>0x295b</load_address>
         <run_address>0x295b</run_address>
         <size>0x69c</size>
         <input_file_ref idref="fl-17"/>
      </object_component>
      <object_component id="oc-6a">
         <name>.debug_line</name>
         <load_address>0x2ff7</load_address>
         <run_address>0x2ff7</run_address>
         <size>0x659</size>
         <input_file_ref idref="fl-18"/>
      </object_component>
      <object_component id="oc-70">
         <name>.debug_line</name>
         <load_address>0x3650</load_address>
         <run_address>0x3650</run_address>
         <size>0x653</size>
         <input_file_ref idref="fl-19"/>
      </object_component>
      <object_component id="oc-75">
         <name>.debug_line</name>
         <load_address>0x3ca3</load_address>
         <run_address>0x3ca3</run_address>
         <size>0x59c</size>
         <input_file_ref idref="fl-1a"/>
      </object_component>
      <object_component id="oc-79">
         <name>.debug_line</name>
         <load_address>0x423f</load_address>
         <run_address>0x423f</run_address>
         <size>0x54</size>
         <input_file_ref idref="fl-1b"/>
      </object_component>
      <object_component id="oc-80">
         <name>.debug_line</name>
         <load_address>0x4293</load_address>
         <run_address>0x4293</run_address>
         <size>0x54</size>
         <input_file_ref idref="fl-1c"/>
      </object_component>
      <object_component id="oc-84">
         <name>.debug_line</name>
         <load_address>0x42e7</load_address>
         <run_address>0x42e7</run_address>
         <size>0x5b</size>
         <input_file_ref idref="fl-1d"/>
      </object_component>
      <object_component id="oc-8b">
         <name>.debug_line</name>
         <load_address>0x4342</load_address>
         <run_address>0x4342</run_address>
         <size>0x51</size>
         <input_file_ref idref="fl-1e"/>
      </object_component>
      <object_component id="oc-8f">
         <name>.debug_line</name>
         <load_address>0x4393</load_address>
         <run_address>0x4393</run_address>
         <size>0x3d</size>
         <input_file_ref idref="fl-1f"/>
      </object_component>
      <object_component id="oc-93">
         <name>.debug_line</name>
         <load_address>0x43d0</load_address>
         <run_address>0x43d0</run_address>
         <size>0x3d</size>
         <input_file_ref idref="fl-20"/>
      </object_component>
      <object_component id="oc-97">
         <name>.debug_line</name>
         <load_address>0x440d</load_address>
         <run_address>0x440d</run_address>
         <size>0x3d</size>
         <input_file_ref idref="fl-21"/>
      </object_component>
      <object_component id="oc-9c">
         <name>.debug_line</name>
         <load_address>0x444a</load_address>
         <run_address>0x444a</run_address>
         <size>0x44</size>
         <input_file_ref idref="fl-22"/>
      </object_component>
      <object_component id="oc-a0">
         <name>.debug_line</name>
         <load_address>0x448e</load_address>
         <run_address>0x448e</run_address>
         <size>0x40</size>
         <input_file_ref idref="fl-23"/>
      </object_component>
      <object_component id="oc-a4">
         <name>.debug_line</name>
         <load_address>0x44ce</load_address>
         <run_address>0x44ce</run_address>
         <size>0x5c</size>
         <input_file_ref idref="fl-24"/>
      </object_component>
      <object_component id="oc-a8">
         <name>.debug_line</name>
         <load_address>0x452a</load_address>
         <run_address>0x452a</run_address>
         <size>0x3c</size>
         <input_file_ref idref="fl-25"/>
      </object_component>
      <object_component id="oc-ad">
         <name>.debug_line</name>
         <load_address>0x4566</load_address>
         <run_address>0x4566</run_address>
         <size>0x3c</size>
         <input_file_ref idref="fl-26"/>
      </object_component>
      <object_component id="oc-b1">
         <name>.debug_line</name>
         <load_address>0x45a2</load_address>
         <run_address>0x45a2</run_address>
         <size>0x3c</size>
         <input_file_ref idref="fl-27"/>
      </object_component>
      <object_component id="oc-b5">
         <name>.debug_line</name>
         <load_address>0x45de</load_address>
         <run_address>0x45de</run_address>
         <size>0x37</size>
         <input_file_ref idref="fl-28"/>
      </object_component>
      <object_component id="oc-b9">
         <name>.debug_line</name>
         <load_address>0x4615</load_address>
         <run_address>0x4615</run_address>
         <size>0x69</size>
         <input_file_ref idref="fl-29"/>
      </object_component>
      <object_component id="oc-be">
         <name>.debug_line</name>
         <load_address>0x467e</load_address>
         <run_address>0x467e</run_address>
         <size>0x3a</size>
         <input_file_ref idref="fl-2a"/>
      </object_component>
      <object_component id="oc-c5">
         <name>.debug_line</name>
         <load_address>0x46b8</load_address>
         <run_address>0x46b8</run_address>
         <size>0x54</size>
         <input_file_ref idref="fl-2b"/>
      </object_component>
      <object_component id="oc-c9">
         <name>.debug_line</name>
         <load_address>0x470c</load_address>
         <run_address>0x470c</run_address>
         <size>0x37</size>
         <input_file_ref idref="fl-2c"/>
      </object_component>
      <object_component id="oc-ce">
         <name>.debug_line</name>
         <load_address>0x4743</load_address>
         <run_address>0x4743</run_address>
         <size>0x38</size>
         <input_file_ref idref="fl-2d"/>
      </object_component>
      <object_component id="oc-d2">
[...]
         <name>_Reset</name>
         <value>0x4ff00</value>
         <object_component_ref idref="oc-11"/>
      </symbol>
      <symbol id="sm-445">
         <name>__unlock</name>
         <value>0x6ad0</value>
         <object_component_ref idref="oc-d5"/>
      </symbol>
      <symbol id="sm-446">
         <name>__lock</name>
         <value>0x6acc</value>
         <object_component_ref idref="oc-d5"/>
      </symbol>
      <symbol id="sm-447">
         <name>__register_lock</name>
         <value>0x28ddb</value>
         <object_component_ref idref="oc-d4"/>
      </symbol>
      <symbol id="sm-448">
         <name>__nop</name>
         <value>0x28de3</value>
         <object_component_ref idref="oc-d4"/>
      </symbol>
      <symbol id="sm-449">
         <name>__register_unlock</name>
         <value>0x28dd3</value>
         <object_component_ref idref="oc-d4"/>
      </symbol>
      <symbol id="sm-45b">
         <name>__printfi</name>
         <value>0x21362</value>
         <object_component_ref idref="oc-da"/>
      </symbol>
      <symbol id="sm-465">
         <name>__addd</name>
         <value>0x269fe</value>
         <object_component_ref idref="oc-e0"/>
      </symbol>
      <symbol id="sm-46f">
         <name>__args_main</name>
         <value>0x28b0f</value>
         <object_component_ref idref="oc-e4"/>
      </symbol>
      <symbol id="sm-470">
         <name>__TI_args_main</name>
         <value>0x1</value>
      </symbol>
      <symbol id="sm-47a">
         <name>_atoi</name>
         <value>0x289c2</value>
         <object_component_ref idref="oc-e8"/>
      </symbol>
      <symbol id="sm-482">
         <name>_auto_init</name>
         <value>0x28ac2</value>
         <object_component_ref idref="oc-ec"/>
      </symbol>
      <symbol id="sm-48c">
         <name>__eqld</name>
         <value>0x27412</value>
         <object_component_ref idref="oc-f0"/>
      </symbol>
      <symbol id="sm-48d">
         <name>__cmpd</name>
         <value>0x27446</value>
         <object_component_ref idref="oc-f0"/>
      </symbol>
      <symbol id="sm-48e">
         <name>__neqd</name>
         <value>0x272b4</value>
         <object_component_ref idref="oc-f0"/>
      </symbol>
      <symbol id="sm-48f">
         <name>__gtrd</name>
         <value>0x2737d</value>
         <object_component_ref idref="oc-f0"/>
      </symbol>
      <symbol id="sm-490">
         <name>__geqd</name>
         <value>0x273c8</value>
         <object_component_ref idref="oc-f0"/>
      </symbol>
      <symbol id="sm-491">
         <name>__leqd</name>
         <value>0x27330</value>
         <object_component_ref idref="oc-f0"/>
      </symbol>
      <symbol id="sm-492">
         <name>__lssd</name>
         <value>0x272e8</value>
         <object_component_ref idref="oc-f0"/>
      </symbol>
      <symbol id="sm-49a">
         <name>__ctypes_</name>
         <value>0x6dc8</value>
         <object_component_ref idref="oc-179"/>
      </symbol>
      <symbol id="sm-4a4">
         <name>__tmpnams</name>
         <value>0x6540</value>
         <object_component_ref idref="oc-f6"/>
      </symbol>
      <symbol id="sm-4a5">
         <name>__ft_end</name>
         <value>0x6680</value>
         <object_component_ref idref="oc-f6"/>
      </symbol>
      <symbol id="sm-4a6">
         <name>__ftable</name>
         <value>0x6450</value>
         <object_component_ref idref="oc-f6"/>
      </symbol>
      <symbol id="sm-4b1">
         <name>__divul</name>
         <value>0x282b3</value>
         <object_component_ref idref="oc-fa"/>
      </symbol>
      <symbol id="sm-4bb">
         <name>_putchar</name>
         <value>0x282a4</value>
         <object_component_ref idref="oc-fe"/>
      </symbol>
      <symbol id="sm-4bc">
         <name>_putc</name>
         <value>0x2820d</value>
         <object_component_ref idref="oc-fe"/>
      </symbol>
      <symbol id="sm-4bd">
         <name>_fputc</name>
         <value>0x2820d</value>
         <object_component_ref idref="oc-fe"/>
      </symbol>
      <symbol id="sm-4cb">
         <name>_puts</name>
         <value>0x278df</value>
         <object_component_ref idref="oc-102"/>
      </symbol>
      <symbol id="sm-4cc">
         <name>_fputs</name>
         <value>0x277aa</value>
         <object_component_ref idref="oc-102"/>
      </symbol>
      <symbol id="sm-4d6">
         <name>__frcmpyd</name>
         <value>0x285ed</value>
         <object_component_ref idref="oc-107"/>
      </symbol>
      <symbol id="sm-4e0">
         <name>___isinf</name>
         <value>0x28d92</value>
         <object_component_ref idref="oc-10b"/>
      </symbol>
      <symbol id="sm-4ea">
         <name>__divull</name>
         <value>0x268d5</value>
         <object_component_ref idref="oc-10f"/>
      </symbol>
      <symbol id="sm-4eb">
         <name>__mpylli</name>
         <value>0x2681d</value>
         <object_component_ref idref="oc-10f"/>
      </symbol>
      <symbol id="sm-4ec">
         <name>__remlli</name>
         <value>0x267ee</value>
         <object_component_ref idref="oc-10f"/>
      </symbol>
      <symbol id="sm-4ed">
         <name>__divlli</name>
         <value>0x269c9</value>
         <object_component_ref idref="oc-10f"/>
      </symbol>
      <symbol id="sm-4ee">
         <name>__remull</name>
         <value>0x267a0</value>
         <object_component_ref idref="oc-10f"/>
      </symbol>
      <symbol id="sm-500">
         <name>_add_device</name>
         <value>0x24cd4</value>
         <object_component_ref idref="oc-113"/>
      </symbol>
      <symbol id="sm-501">
         <name>_rename</name>
         <value>0x249f6</value>
         <object_component_ref idref="oc-113"/>
      </symbol>
      <symbol id="sm-502">
         <name>_read</name>
         <value>0x24a85</value>
         <object_component_ref idref="oc-113"/>
      </symbol>
      <symbol id="sm-503">
         <name>_unlink</name>
         <value>0x249c3</value>
         <object_component_ref idref="oc-113"/>
      </symbol>
      <symbol id="sm-504">
         <name>_remove_device</name>
         <value>0x24a4f</value>
         <object_component_ref idref="oc-113"/>
      </symbol>
      <symbol id="sm-505">
         <name>_open</name>
         <value>0x24b33</value>
         <object_component_ref idref="oc-113"/>
      </symbol>
      <symbol id="sm-506">
         <name>_find_registered_device</name>
         <value>0x24c58</value>
         <object_component_ref idref="oc-113"/>
      </symbol>
      <symbol id="sm-507">
         <name>_lseek</name>
         <value>0x24bf2</value>
         <object_component_ref idref="oc-113"/>
      </symbol>
      <symbol id="sm-508">
         <name>_close</name>
         <value>0x24c61</value>
         <object_component_ref idref="oc-113"/>
      </symbol>
      <symbol id="sm-509">
         <name>_write</name>
         <value>0x24881</value>
         <object_component_ref idref="oc-113"/>
      </symbol>
      <symbol id="sm-513">
         <name>_ltoa</name>
         <value>0x284f5</value>
         <object_component_ref idref="oc-119"/>
      </symbol>
      <symbol id="sm-51e">
         <name>_memccpy</name>
         <value>0x28d6f</value>
         <object_component_ref idref="oc-11d"/>
      </symbol>
      <symbol id="sm-526">
         <name>_memcpy</name>
         <value>0x28c2e</value>
         <object_component_ref idref="oc-121"/>
      </symbol>
      <symbol id="sm-530">
         <name>__remli</name>
         <value>0x28b5a</value>
         <object_component_ref idref="oc-125"/>
      </symbol>
      <symbol id="sm-53b">
         <name>__remul</name>
         <value>0x286d6</value>
         <object_component_ref idref="oc-129"/>
      </symbol>
      <symbol id="sm-547">
         <name>_HOSTopen</name>
         <value>0x250cf</value>
         <object_component_ref idref="oc-12d"/>
      </symbol>
      <symbol id="sm-548">
         <name>_HOSTread</name>
         <value>0x25042</value>
         <object_component_ref idref="oc-12d"/>
      </symbol>
      <symbol id="sm-549">
         <name>_HOSTtime</name>
         <value>0x24f36</value>
         <object_component_ref idref="oc-12d"/>
      </symbol>
      <symbol id="sm-54a">
         <name>_getenv</name>
         <value>0x24dc4</value>
         <object_component_ref idref="oc-12d"/>
      </symbol>
      <symbol id="sm-54b">
         <name>_HOSTrename</name>
         <value>0x24f94</value>
         <object_component_ref idref="oc-12d"/>
      </symbol>
      <symbol id="sm-54c">
         <name>_HOSTclock</name>
         <value>0x2528e</value>
         <object_component_ref idref="oc-12d"/>
      </symbol>
      <symbol id="sm-54d">
         <name>_HOSTwrite</name>
         <value>0x24e3f</value>
         <object_component_ref idref="oc-12d"/>
      </symbol>
      <symbol id="sm-54e">
         <name>_HOSTlseek</name>
         <value>0x2516e</value>
         <object_component_ref idref="oc-12d"/>
      </symbol>
      <symbol id="sm-54f">
         <name>_HOSTunlink</name>
         <value>0x24ecc</value>
         <object_component_ref idref="oc-12d"/>
      </symbol>
      <symbol id="sm-550">
         <name>_HOSTclose</name>
         <value>0x25223</value>
         <object_component_ref idref="oc-12d"/>
      </symbol>
      <symbol id="sm-562">
         <name>C$$IO$$</name>
         <value>0x28208</value>
         <object_component_ref idref="oc-135"/>
      </symbol>
      <symbol id="sm-563">
         <name>__CIOBUF_</name>
         <value>0x40000</value>
         <object_component_ref idref="oc-134"/>
      </symbol>
      <symbol id="sm-564">
         <name>_readmsg</name>
         <value>0x28824</value>
         <object_component_ref idref="oc-132"/>
      </symbol>
      <symbol id="sm-565">
         <name>_writemsg</name>
         <value>0x28153</value>
         <object_component_ref idref="oc-135"/>
      </symbol>
      <symbol id="sm-56d">
         <name>__remu</name>
         <value>0x28d5a</value>
         <object_component_ref idref="oc-138"/>
      </symbol>
      <symbol id="sm-56e">
         <name>__divu</name>
         <value>0x28d45</value>
         <object_component_ref idref="oc-138"/>
      </symbol>
      <symbol id="sm-56f">
         <name>I$$UMOD</name>
         <value>0x28d5a</value>
         <object_component_ref idref="oc-138"/>
      </symbol>
      <symbol id="sm-570">
         <name>I$$UDIV</name>
         <value>0x28d45</value>
         <object_component_ref idref="oc-138"/>
      </symbol>
      <symbol id="sm-57a">
         <name>__rd_ok</name>
         <value>0x27de6</value>
         <object_component_ref idref="oc-13c"/>
      </symbol>
      <symbol id="sm-57b">
         <name>__wrt_ok</name>
         <value>0x27d66</value>
         <object_component_ref idref="oc-13c"/>
      </symbol>
      <symbol id="sm-585">
         <name>__divli</name>
         <value>0x28ba5</value>
         <object_component_ref idref="oc-140"/>
      </symbol>
      <symbol id="sm-58f">
         <name>__doflush</name>
         <value>0x27fd2</value>
         <object_component_ref idref="oc-144"/>
      </symbol>
      <symbol id="sm-590">
         <name>_fflush</name>
         <value>0x2803b</value>
         <object_component_ref idref="oc-144"/>
      </symbol>
      <symbol id="sm-59a">
         <name>_fseek</name>
         <value>0x28891</value>
         <object_component_ref idref="oc-148"/>
      </symbol>
      <symbol id="sm-5a4">
         <name>_setvbuf</name>
         <value>0x27c80</value>
         <object_component_ref idref="oc-14c"/>
      </symbol>
      <symbol id="sm-5b3">
         <name>__cleanup</name>
         <value>0x26642</value>
         <object_component_ref idref="oc-150"/>
      </symbol>
      <symbol id="sm-5b4">
         <name>_fopen</name>
         <value>0x26765</value>
         <object_component_ref idref="oc-150"/>
      </symbol>
      <symbol id="sm-5b5">
         <name>_freopen</name>
         <value>0x2669c</value>
         <object_component_ref idref="oc-150"/>
      </symbol>
      <symbol id="sm-5c5">
         <name>__sys_memory</name>
         <value>0x30c0</value>
         <object_component_ref idref="oc-15a"/>
      </symbol>
      <symbol id="sm-5c6">
         <name>_chkheap</name>
         <value>0x25773</value>
         <object_component_ref idref="oc-156"/>
      </symbol>
      <symbol id="sm-5c7">
         <name>_realloc</name>
         <value>0x25512</value>
         <object_component_ref idref="oc-156"/>
      </symbol>
      <symbol id="sm-5c8">
         <name>_free_memory</name>
         <value>0x2571d</value>
         <object_component_ref idref="oc-156"/>
      </symbol>
      <symbol id="sm-5c9">
         <name>_max_free</name>
         <value>0x256c3</value>
         <object_component_ref idref="oc-156"/>
      </symbol>
      <symbol id="sm-5ca">
         <name>_free</name>
         <value>0x252ec</value>
         <object_component_ref idref="oc-156"/>
      </symbol>
      <symbol id="sm-5cb">
         <name>_calloc</name>
         <value>0x2577b</value>
         <object_component_ref idref="oc-156"/>
      </symbol>
      <symbol id="sm-5cc">
         <name>_malloc</name>
         <value>0x2541d</value>
         <object_component_ref idref="oc-156"/>
      </symbol>
      <symbol id="sm-5cd">
         <name>_minit</name>
         <value>0x253b8</value>
         <object_component_ref idref="oc-156"/>
      </symbol>
      <symbol id="sm-5d7">
         <name>_fclose</name>
         <value>0x28572</value>
         <object_component_ref idref="oc-15d"/>
      </symbol>
      <symbol id="sm-5e1">
         <name>_remove</name>
         <value>0x28e01</value>
         <object_component_ref idref="oc-161"/>
      </symbol>
      <symbol id="sm-62d">
         <name>_SAR_chanSetup</name>
         <value>0x22446</value>
         <object_component_ref idref="oc-165"/>
      </symbol>
      <symbol id="sm-62e">
         <name>_SAR_stopConversion</name>
         <value>0x226db</value>
         <object_component_ref idref="oc-165"/>
      </symbol>
      <symbol id="sm-62f">
         <name>_SAR_deInit</name>
         <value>0x2223d</value>
         <object_component_ref idref="oc-165"/>
      </symbol>
      <symbol id="sm-630">
         <name>_SAR_chanOpen</name>
         <value>0x22278</value>
         <object_component_ref idref="oc-165"/>
      </symbol>
      <symbol id="sm-631">
         <name>_SAR_GPODirSet</name>
         <value>0x22bdd</value>
         <object_component_ref idref="oc-165"/>
      </symbol>
      <symbol id="sm-632">
         <name>_SAR_init</name>
         <value>0x221e0</value>
         <object_component_ref idref="oc-165"/>
      </symbol>
      <symbol id="sm-633">
         <name>_SAR_getStatus</name>
         <value>0x22cb9</value>
         <object_component_ref idref="oc-165"/>
      </symbol>
      <symbol id="sm-634">
         <name>_SAR_readData</name>
         <value>0x22722</value>
         <object_component_ref idref="oc-165"/>
      </symbol>
      <symbol id="sm-635">
         <name>_SAR_chanConfig</name>
         <value>0x2235e</value>
         <object_component_ref idref="oc-165"/>
      </symbol>
      <symbol id="sm-636">
         <name>_SAR_A2DMeasParamSet</name>
         <value>0x22763</value>
         <object_component_ref idref="oc-165"/>
      </symbol>
      <symbol id="sm-637">
         <name>_SAR_chanClose</name>
         <value>0x222da</value>
         <object_component_ref idref="oc-165"/>
      </symbol>
      <symbol id="sm-638">
         <name>_SAR_chanCycSet</name>
         <value>0x2265a</value>
         <object_component_ref idref="oc-165"/>
      </symbol>
      <symbol id="sm-639">
         <name>_SAR_getConfig</name>
         <value>0x223d4</value>
         <object_component_ref idref="oc-165"/>
      </symbol>
      <symbol id="sm-63a">
         <name>_SAR_startConversion</name>
         <value>0x226a9</value>
         <object_component_ref idref="oc-165"/>
      </symbol>
      <symbol id="sm-63b">
         <name>_SAR_chanInit</name>
         <value>0x2225d</value>
         <object_component_ref idref="oc-165"/>
      </symbol>
      <symbol id="sm-6b8">
         <name>_I2C_eventEnable</name>
         <value>0x21ee4</value>
         <object_component_ref idref="oc-16a"/>
      </symbol>
      <symbol id="sm-6b9">
         <name>_I2C_setCallback</name>
         <value>0x22137</value>
         <object_component_ref idref="oc-16a"/>
      </symbol>
      <symbol id="sm-6ba">
         <name>_I2C_init</name>
         <value>0x215a4</value>
         <object_component_ref idref="oc-16a"/>
      </symbol>
      <symbol id="sm-6bb">
         <name>_I2C_config</name>
         <value>0x2164d</value>
         <object_component_ref idref="oc-16a"/>
      </symbol>
      <symbol id="sm-6bc">
         <name>_gI2cObj</name>
         <value>0x6a64</value>
         <object_component_ref idref="oc-16b"/>
      </symbol>
      <symbol id="sm-6bd">
         <name>_I2C_getConfig</name>
         <value>0x217b2</value>
         <object_component_ref idref="oc-16a"/>
      </symbol>
      <symbol id="sm-6be">
         <name>_I2C_setup</name>
         <value>0x21888</value>
         <object_component_ref idref="oc-16a"/>
      </symbol>
      <symbol id="sm-6bf">
         <name>_I2C_write</name>
         <value>0x21a82</value>
         <object_component_ref idref="oc-16a"/>
      </symbol>
      <symbol id="sm-6c0">
         <name>_I2C_read</name>
         <value>0x21cc6</value>
         <object_component_ref idref="oc-16a"/>
      </symbol>
      <symbol id="sm-6c1">
         <name>_I2C_eventDisable</name>
         <value>0x22018</value>
         <object_component_ref idref="oc-16a"/>
      </symbol>
      <symbol id="sm-6c2">
         <name>_I2C_getEventId</name>
         <value>0x221c4</value>
         <object_component_ref idref="oc-16a"/>
      </symbol>
      <symbol id="sm-6c3">
         <name>_i2cHandle</name>
         <value>0x6a84</value>
         <object_component_ref idref="oc-16b"/>
      </symbol>
      <symbol id="sm-708">
         <name>_GPIO_write</name>
         <value>0x238e3</value>
         <object_component_ref idref="oc-170"/>
      </symbol>
      <symbol id="sm-709">
         <name>_GPIO_read</name>
         <value>0x23860</value>
         <object_component_ref idref="oc-170"/>
      </symbol>
      <symbol id="sm-70a">
         <name>_GPIO_close</name>
         <value>0x2372f</value>
         <object_component_ref idref="oc-170"/>
      </symbol>
      <symbol id="sm-70b">
         <name>_GPIO_enableInt</name>
         <value>0x23b4c</value>
         <object_component_ref idref="oc-170"/>
      </symbol>
      <symbol id="sm-70c">
         <name>_GPIO_clearInt</name>
         <value>0x23bd6</value>
         <object_component_ref idref="oc-170"/>
      </symbol>
      <symbol id="sm-70d">
         <name>_GPIO_statusBit</name>
         <value>0x23c62</value>
         <object_component_ref idref="oc-170"/>
      </symbol>
      <symbol id="sm-70e">
         <name>_GPIO_configBit</name>
         <value>0x23986</value>
         <object_component_ref idref="oc-170"/>
      </symbol>
      <symbol id="sm-70f">
         <name>_GPIO_reset</name>
         <value>0x23ce9</value>
         <object_component_ref idref="oc-170"/>
      </symbol>
      <symbol id="sm-710">
         <name>_GPIO_getConfig</name>
         <value>0x237d8</value>
         <object_component_ref idref="oc-170"/>
      </symbol>
      <symbol id="sm-711">
         <name>_GPIO_disableInt</name>
         <value>0x23ace</value>
         <object_component_ref idref="oc-170"/>
      </symbol>
      <symbol id="sm-712">
         <name>_GPIO_config</name>
         <value>0x23753</value>
         <object_component_ref idref="oc-170"/>
      </symbol>
      <symbol id="sm-713">
         <name>_GPIO_open</name>
         <value>0x236eb</value>
         <object_component_ref idref="oc-170"/>
      </symbol>
   </symbol_table>
</link_info>
